Archive member included to satisfy reference by file (symbol)

D:/Program Files/STMicroelectronics/STM32Cube/STM32CubeCLT_1.18.0/GNU-tools-for-STM32/bin/../lib/gcc/arm-none-eabi/13.3.1/../../../../arm-none-eabi/lib/thumb/v6-m/nofp\libc_nano.a(libc_a-exit.o)
                              D:/Program Files/STMicroelectronics/STM32Cube/STM32CubeCLT_1.18.0/GNU-tools-for-STM32/bin/../lib/gcc/arm-none-eabi/13.3.1/../../../../arm-none-eabi/lib/thumb/v6-m/nofp/crt0.o (exit)
D:/Program Files/STMicroelectronics/STM32Cube/STM32CubeCLT_1.18.0/GNU-tools-for-STM32/bin/../lib/gcc/arm-none-eabi/13.3.1/../../../../arm-none-eabi/lib/thumb/v6-m/nofp\libc_nano.a(libc_a-findfp.o)
                              D:/Program Files/STMicroelectronics/STM32Cube/STM32CubeCLT_1.18.0/GNU-tools-for-STM32/bin/../lib/gcc/arm-none-eabi/13.3.1/../../../../arm-none-eabi/lib/thumb/v6-m/nofp\libc_nano.a(libc_a-exit.o) (__stdio_exit_handler)
D:/Program Files/STMicroelectronics/STM32Cube/STM32CubeCLT_1.18.0/GNU-tools-for-STM32/bin/../lib/gcc/arm-none-eabi/13.3.1/../../../../arm-none-eabi/lib/thumb/v6-m/nofp\libc_nano.a(libc_a-fwalk.o)
                              D:/Program Files/STMicroelectronics/STM32Cube/STM32CubeCLT_1.18.0/GNU-tools-for-STM32/bin/../lib/gcc/arm-none-eabi/13.3.1/../../../../arm-none-eabi/lib/thumb/v6-m/nofp\libc_nano.a(libc_a-findfp.o) (_fwalk_sglue)
D:/Program Files/STMicroelectronics/STM32Cube/STM32CubeCLT_1.18.0/GNU-tools-for-STM32/bin/../lib/gcc/arm-none-eabi/13.3.1/../../../../arm-none-eabi/lib/thumb/v6-m/nofp\libc_nano.a(libc_a-stdio.o)
                              D:/Program Files/STMicroelectronics/STM32Cube/STM32CubeCLT_1.18.0/GNU-tools-for-STM32/bin/../lib/gcc/arm-none-eabi/13.3.1/../../../../arm-none-eabi/lib/thumb/v6-m/nofp\libc_nano.a(libc_a-findfp.o) (__sread)
D:/Program Files/STMicroelectronics/STM32Cube/STM32CubeCLT_1.18.0/GNU-tools-for-STM32/bin/../lib/gcc/arm-none-eabi/13.3.1/../../../../arm-none-eabi/lib/thumb/v6-m/nofp\libc_nano.a(libc_a-memset.o)
                              D:/Program Files/STMicroelectronics/STM32Cube/STM32CubeCLT_1.18.0/GNU-tools-for-STM32/bin/../lib/gcc/arm-none-eabi/13.3.1/../../../../arm-none-eabi/lib/thumb/v6-m/nofp/crt0.o (memset)
D:/Program Files/STMicroelectronics/STM32Cube/STM32CubeCLT_1.18.0/GNU-tools-for-STM32/bin/../lib/gcc/arm-none-eabi/13.3.1/../../../../arm-none-eabi/lib/thumb/v6-m/nofp\libc_nano.a(libc_a-closer.o)
                              D:/Program Files/STMicroelectronics/STM32Cube/STM32CubeCLT_1.18.0/GNU-tools-for-STM32/bin/../lib/gcc/arm-none-eabi/13.3.1/../../../../arm-none-eabi/lib/thumb/v6-m/nofp\libc_nano.a(libc_a-stdio.o) (_close_r)
D:/Program Files/STMicroelectronics/STM32Cube/STM32CubeCLT_1.18.0/GNU-tools-for-STM32/bin/../lib/gcc/arm-none-eabi/13.3.1/../../../../arm-none-eabi/lib/thumb/v6-m/nofp\libc_nano.a(libc_a-reent.o)
                              D:/Program Files/STMicroelectronics/STM32Cube/STM32CubeCLT_1.18.0/GNU-tools-for-STM32/bin/../lib/gcc/arm-none-eabi/13.3.1/../../../../arm-none-eabi/lib/thumb/v6-m/nofp\libc_nano.a(libc_a-closer.o) (errno)
D:/Program Files/STMicroelectronics/STM32Cube/STM32CubeCLT_1.18.0/GNU-tools-for-STM32/bin/../lib/gcc/arm-none-eabi/13.3.1/../../../../arm-none-eabi/lib/thumb/v6-m/nofp\libc_nano.a(libc_a-impure.o)
                              D:/Program Files/STMicroelectronics/STM32Cube/STM32CubeCLT_1.18.0/GNU-tools-for-STM32/bin/../lib/gcc/arm-none-eabi/13.3.1/../../../../arm-none-eabi/lib/thumb/v6-m/nofp\libc_nano.a(libc_a-reent.o) (_impure_ptr)
D:/Program Files/STMicroelectronics/STM32Cube/STM32CubeCLT_1.18.0/GNU-tools-for-STM32/bin/../lib/gcc/arm-none-eabi/13.3.1/../../../../arm-none-eabi/lib/thumb/v6-m/nofp\libc_nano.a(libc_a-lseekr.o)
                              D:/Program Files/STMicroelectronics/STM32Cube/STM32CubeCLT_1.18.0/GNU-tools-for-STM32/bin/../lib/gcc/arm-none-eabi/13.3.1/../../../../arm-none-eabi/lib/thumb/v6-m/nofp\libc_nano.a(libc_a-stdio.o) (_lseek_r)
D:/Program Files/STMicroelectronics/STM32Cube/STM32CubeCLT_1.18.0/GNU-tools-for-STM32/bin/../lib/gcc/arm-none-eabi/13.3.1/../../../../arm-none-eabi/lib/thumb/v6-m/nofp\libc_nano.a(libc_a-readr.o)
                              D:/Program Files/STMicroelectronics/STM32Cube/STM32CubeCLT_1.18.0/GNU-tools-for-STM32/bin/../lib/gcc/arm-none-eabi/13.3.1/../../../../arm-none-eabi/lib/thumb/v6-m/nofp\libc_nano.a(libc_a-stdio.o) (_read_r)
D:/Program Files/STMicroelectronics/STM32Cube/STM32CubeCLT_1.18.0/GNU-tools-for-STM32/bin/../lib/gcc/arm-none-eabi/13.3.1/../../../../arm-none-eabi/lib/thumb/v6-m/nofp\libc_nano.a(libc_a-writer.o)
                              D:/Program Files/STMicroelectronics/STM32Cube/STM32CubeCLT_1.18.0/GNU-tools-for-STM32/bin/../lib/gcc/arm-none-eabi/13.3.1/../../../../arm-none-eabi/lib/thumb/v6-m/nofp\libc_nano.a(libc_a-stdio.o) (_write_r)
D:/Program Files/STMicroelectronics/STM32Cube/STM32CubeCLT_1.18.0/GNU-tools-for-STM32/bin/../lib/gcc/arm-none-eabi/13.3.1/../../../../arm-none-eabi/lib/thumb/v6-m/nofp\libc_nano.a(libc_a-init.o)
[...]
Memory Configuration

Name             Origin             Length             Attributes
RAM              0x20000000         0x00002000         xrw
FLASH            0x08000000         0x00010000         xr
*default*        0x00000000         0xffffffff

Linker script and memory map

LOAD D:/Program Files/STMicroelectronics/STM32Cube/STM32CubeCLT_1.18.0/GNU-tools-for-STM32/bin/../lib/gcc/arm-none-eabi/13.3.1/thumb/v6-m/nofp/crti.o
LOAD D:/Program Files/STMicroelectronics/STM32Cube/STM32CubeCLT_1.18.0/GNU-tools-for-STM32/bin/../lib/gcc/arm-none-eabi/13.3.1/thumb/v6-m/nofp/crtbegin.o
LOAD D:/Program Files/STMicroelectronics/STM32Cube/STM32CubeCLT_1.18.0/GNU-tools-for-STM32/bin/../lib/gcc/arm-none-eabi/13.3.1/../../../../arm-none-eabi/lib/thumb/v6-m/nofp/crt0.o
START GROUP
LOAD D:/Program Files/STMicroelectronics/STM32Cube/STM32CubeCLT_1.18.0/GNU-tools-for-STM32/bin/../lib/gcc/arm-none-eabi/13.3.1/../../../../arm-none-eabi/lib/thumb/v6-m/nofp\libc_nano.a
LOAD D:/Program Files/STMicroelectronics/STM32Cube/STM32CubeCLT_1.18.0/GNU-tools-for-STM32/bin/../lib/gcc/arm-none-eabi/13.3.1/../../../../arm-none-eabi/lib/thumb/v6-m/nofp\libm.a
END GROUP
LOAD CMakeFiles/TurtleADF4351.dir/Drivers/bsp/button/embedded_button.c.obj
LOAD CMakeFiles/TurtleADF4351.dir/Drivers/bsp/button/ec_button.c.obj
LOAD CMakeFiles/TurtleADF4351.dir/Drivers/bsp/delay/delay.c.obj
LOAD CMakeFiles/TurtleADF4351.dir/Drivers/bsp/lcd/lcd.c.obj
LOAD CMakeFiles/TurtleADF4351.dir/Drivers/bsp/adf4351/adf4351.c.obj
LOAD CMakeFiles/TurtleADF4351.dir/App/Menu/menu.c.obj
LOAD CMakeFiles/TurtleADF4351.dir/Core/Src/main.c.obj
LOAD CMakeFiles/TurtleADF4351.dir/Core/Src/gpio.c.obj
LOAD CMakeFiles/TurtleADF4351.dir/Core/Src/dma.c.obj
LOAD CMakeFiles/TurtleADF4351.dir/Core/Src/spi.c.obj
LOAD CMakeFiles/TurtleADF4351.dir/Core/Src/tim.c.obj
LOAD CMakeFiles/TurtleADF4351.dir/Core/Src/usart.c.obj
LOAD CMakeFiles/TurtleADF4351.dir/Core/Src/stm32g0xx_it.c.obj
LOAD CMakeFiles/TurtleADF4351.dir/Core/Src/stm32g0xx_hal_msp.c.obj
LOAD CMakeFiles/TurtleADF4351.dir/Drivers/STM32G0xx_HAL_Driver/Src/stm32g0xx_hal_spi.c.obj
LOAD CMakeFiles/TurtleADF4351.dir/Drivers/STM32G0xx_HAL_Driver/Src/stm32g0xx_hal_spi_ex.c.obj
LOAD CMakeFiles/TurtleADF4351.dir/Drivers/STM32G0xx_HAL_Driver/Src/stm32g0xx_hal_rcc.c.obj
LOAD CMakeFiles/TurtleADF4351.dir/Drivers/STM32G0xx_HAL_Driver/Src/stm32g0xx_hal_rcc_ex.c.obj
LOAD CMakeFiles/TurtleADF4351.dir/Drivers/STM32G0xx_HAL_Driver/Src/stm32g0xx_ll_rcc.c.obj
LOAD CMakeFiles/TurtleADF4351.dir/Drivers/STM32G0xx_HAL_Driver/Src/stm32g0xx_hal_flash.c.obj
LOAD CMakeFiles/TurtleADF4351.dir/Drivers/STM32G0xx_HAL_Driver/Src/stm32g0xx_hal_flash_ex.c.obj
LOAD CMakeFiles/TurtleADF4351.dir/Drivers/STM32G0xx_HAL_Driver/Src/stm32g0xx_hal_gpio.c.obj
LOAD CMakeFiles/TurtleADF4351.dir/Drivers/STM32G0xx_HAL_Driver/Src/stm32g0xx_hal_dma.c.obj
LOAD CMakeFiles/TurtleADF4351.dir/Drivers/STM32G0xx_HAL_Driver/Src/stm32g0xx_hal_dma_ex.c.obj
LOAD CMakeFiles/TurtleADF4351.dir/Drivers/STM32G0xx_HAL_Driver/Src/stm32g0xx_hal_pwr.c.obj
LOAD CMakeFiles/TurtleADF4351.dir/Drivers/STM32G0xx_HAL_Driver/Src/stm32g0xx_hal_pwr_ex.c.obj
LOAD CMakeFiles/TurtleADF4351.dir/Drivers/STM32G0xx_HAL_Driver/Src/stm32g0xx_hal_cortex.c.obj
LOAD CMakeFiles/TurtleADF4351.dir/Drivers/STM32G0xx_HAL_Driver/Src/stm32g0xx_hal.c.obj
LOAD CMakeFiles/TurtleADF4351.dir/Drivers/STM32G0xx_HAL_Driver/Src/stm32g0xx_hal_exti.c.obj
LOAD CMakeFiles/TurtleADF4351.dir/Drivers/STM32G0xx_HAL_Driver/Src/stm32g0xx_hal_tim.c.obj
LOAD CMakeFiles/TurtleADF4351.dir/Drivers/STM32G0xx_HAL_Driver/Src/stm32g0xx_hal_tim_ex.c.obj
LOAD CMakeFiles/TurtleADF4351.dir/Drivers/STM32G0xx_HAL_Driver/Src/stm32g0xx_hal_uart.c.obj
LOAD CMakeFiles/TurtleADF4351.dir/Drivers/STM32G0xx_HAL_Driver/Src/stm32g0xx_hal_uart_ex.c.obj
LOAD CMakeFiles/TurtleADF4351.dir/Core/Src/system_stm32g0xx.c.obj
LOAD CMakeFiles/TurtleADF4351.dir/Core/Src/sysmem.c.obj
LOAD CMakeFiles/TurtleADF4351.dir/Core/Src/syscalls.c.obj
LOAD CMakeFiles/TurtleADF4351.dir/startup_stm32g030xx.s.obj
START GROUP
LOAD D:/Program Files/STMicroelectronics/STM32Cube/STM32CubeCLT_1.18.0/GNU-tools-for-STM32/bin/../lib/gcc/arm-none-eabi/13.3.1/thumb/v6-m/nofp\libgcc.a
LOAD D:/Program Files/STMicroelectronics/STM32Cube/STM32CubeCLT_1.18.0/GNU-tools-for-STM32/bin/../lib/gcc/arm-none-eabi/13.3.1/../../../../arm-none-eabi/lib/thumb/v6-m/nofp\libg_nano.a
LOAD D:/Program Files/STMicroelectronics/STM32Cube/STM32CubeCLT_1.18.0/GNU-tools-for-STM32/bin/../lib/gcc/arm-none-eabi/13.3.1/../../../../arm-none-eabi/lib/thumb/v6-m/nofp\libc_nano.a
END GROUP
START GROUP
LOAD D:/Program Files/STMicroelectronics/STM32Cube/STM32CubeCLT_1.18.0/GNU-tools-for-STM32/bin/../lib/gcc/arm-none-eabi/13.3.1/thumb/v6-m/nofp\libgcc.a
LOAD D:/Program Files/STMicroelectronics/STM32Cube/STM32CubeCLT_1.18.0/GNU-tools-for-STM32/bin/../lib/gcc/arm-none-eabi/13.3.1/../../../../arm-none-eabi/lib/thumb/v6-m/nofp\libc_nano.a
END GROUP
LOAD D:/Program Files/STMicroelectronics/STM32Cube/STM32CubeCLT_1.18.0/GNU-tools-for-STM32/bin/../lib/gcc/arm-none-eabi/13.3.1/thumb/v6-m/nofp/crtend.o
LOAD D:/Program Files/STMicroelectronics/STM32Cube/STM32CubeCLT_1.18.0/GNU-tools-for-STM32/bin/../lib/gcc/arm-none-eabi/13.3.1/thumb/v6-m/nofp/crtn.o
                0x20002000                        _estack = (ORIGIN (RAM) + LENGTH (RAM))
                0x00000200                        _Min_Heap_Size = 0x200
                0x00000400                        _Min_Stack_Size = 0x400

.isr_vector     0x08000000       0xb8
                0x08000000                        . = ALIGN (0x4)
 *(.isr_vector)
 .isr_vector    0x08000000       0xb8 CMakeFiles/TurtleADF4351.dir/startup_stm32g030xx.s.obj
                0x08000000                g_pfnVectors
                0x080000b8                        . = ALIGN (0x4)

.text           0x080000b8     0x8494
                0x080000b8                        . = ALIGN (0x4)
 *(.text)
 .text          0x080000b8       0x48 D:/Program Files/STMicroelectronics/STM32Cube/STM32CubeCLT_1.18.0/GNU-tools-for-STM32/bin/../lib/gcc/arm-none-eabi/13.3.1/thumb/v6-m/nofp/crtbegin.o
 .text          0x08000100      0x114 D:/Program Files/STMicroelectronics/STM32Cube/STM32CubeCLT_1.18.0/GNU-tools-for-STM32/bin/../lib/gcc/arm-none-eabi/13.3.1/thumb/v6-m/nofp\libgcc.a(_udivsi3.o)
                0x08000100                __aeabi_uidiv
                0x08000100                __udivsi3
                0x0800020c                __aeabi_uidivmod
 .text          0x08000214      0x1d4 D:/Program Files/STMicroelectronics/STM32Cube/STM32CubeCLT_1.18.0/GNU-tools-for-STM32/bin/../lib/gcc/arm-none-eabi/13.3.1/thumb/v6-m/nofp\libgcc.a(_divsi3.o)
                0x08000214                __divsi3
                0x08000214                __aeabi_idiv
                0x080003e0                __aeabi_idivmod
 .text          0x080003e8        0x4 D:/Program Files/STMicroelectronics/STM32Cube/STM32CubeCLT_1.18.0/GNU-tools-for-STM32/bin/../lib/gcc/arm-none-eabi/13.3.1/thumb/v6-m/nofp\libgcc.a(_dvmd_tls.o)
                0x080003e8                __aeabi_idiv0
                0x080003e8                __aeabi_ldiv0
 .text          0x080003ec       0x40 D:/Program Files/STMicroelectronics/STM32Cube/STM32CubeCLT_1.18.0/GNU-tools-for-STM32/bin/../lib/gcc/arm-none-eabi/13.3.1/thumb/v6-m/nofp\libgcc.a(_aeabi_uldivmod.o)
                0x080003ec                __aeabi_uldivmod
 .text          0x0800042c       0x5c D:/Program Files/STMicroelectronics/STM32Cube/STM32CubeCLT_1.18.0/GNU-tools-for-STM32/bin/../lib/gcc/arm-none-eabi/13.3.1/thumb/v6-m/nofp\libgcc.a(_muldi3.o)
                0x0800042c                __muldi3
                0x0800042c                __aeabi_lmul
 .text          0x08000488       0x48 D:/Program Files/STMicroelectronics/STM32Cube/STM32CubeCLT_1.18.0/GNU-tools-for-STM32/bin/../lib/gcc/arm-none-eabi/13.3.1/thumb/v6-m/nofp\libgcc.a(_floatundisf.o)
                0x08000488                __aeabi_ul2f
                0x08000488                __floatundisf
 .text          0x080004d0      0x198 D:/Program Files/STMicroelectronics/STM32Cube/STM32CubeCLT_1.18.0/GNU-tools-for-STM32/bin/../lib/gcc/arm-none-eabi/13.3.1/thumb/v6-m/nofp\libgcc.a(_udivmoddi4.o)
                0x080004d0                __udivmoddi4
 .text          0x08000668      0x22c D:/Program Files/STMicroelectronics/STM32Cube/STM32CubeCLT_1.18.0/GNU-tools-for-STM32/bin/../lib/gcc/arm-none-eabi/13.3.1/thumb/v6-m/nofp\libgcc.a(divsf3.o)
                0x08000668                __aeabi_fdiv
 .text          0x08000894       0x40 D:/Program Files/STMicroelectronics/STM32Cube/STM32CubeCLT_1.18.0/GNU-tools-for-STM32/bin/../lib/gcc/arm-none-eabi/13.3.1/thumb/v6-m/nofp\libgcc.a(fixsfsi.o)
                0x08000894                __aeabi_f2iz
 .text          0x080008d4      0x78c D:/Program Files/STMicroelectronics/STM32Cube/STM32CubeCLT_1.18.0/GNU-tools-for-STM32/bin/../lib/gcc/arm-none-eabi/13.3.1/thumb/v6-m/nofp\libgcc.a(adddf3.o)
                0x080008d4                __aeabi_dadd
 .text          0x08001060      0x5cc D:/Program Files/STMicroelectronics/STM32Cube/STM32CubeCLT_1.18.0/GNU-tools-for-STM32/bin/../lib/gcc/arm-none-eabi/13.3.1/thumb/v6-m/nofp\libgcc.a(muldf3.o)
                0x08001060                __aeabi_dmul
 .text          0x0800162c       0x48 D:/Program Files/STMicroelectronics/STM32Cube/STM32CubeCLT_1.18.0/GNU-tools-for-STM32/bin/../lib/gcc/arm-none-eabi/13.3.1/thumb/v6-m/nofp\libgcc.a(floatunsidf.o)
                0x0800162c                __aeabi_ui2d
 .text          0x08001674      0x104 D:/Program Files/STMicroelectronics/STM32Cube/STM32CubeCLT_1.18.0/GNU-tools-for-STM32/bin/../lib/gcc/arm-none-eabi/13.3.1/thumb/v6-m/nofp\libgcc.a(truncdfsf2.o)
                0x08001674                __aeabi_d2f
 .text          0x08001778       0x3c D:/Program Files/STMicroelectronics/STM32Cube/STM32CubeCLT_1.18.0/GNU-tools-for-STM32/bin/../lib/gcc/arm-none-eabi/13.3.1/thumb/v6-m/nofp\libgcc.a(_clzsi2.o)
                0x08001778                __clzsi2
 .text          0x080017b4       0x18 D:/Program Files/STMicroelectronics/STM32Cube/STM32CubeCLT_1.18.0/GNU-tools-for-STM32/bin/../lib/gcc/arm-none-eabi/13.3.1/thumb/v6-m/nofp\libgcc.a(_clzdi2.o)
                0x080017b4                __clzdi2
 .text          0x080017cc       0x14 D:/Program Files/STMicroelectronics/STM32Cube/STM32CubeCLT_1.18.0/GNU-tools-for-STM32/bin/../lib/gcc/arm-none-eabi/13.3.1/thumb/v6-m/nofp\libgcc.a(_thumb1_case_shi.o)
                0x080017cc                __gnu_thumb1_case_shi
 *(.text*)
 .text.memset   0x080017e0       0x10 D:/Program Files/STMicroelectronics/STM32Cube/STM32CubeCLT_1.18.0/GNU-tools-for-STM32/bin/../lib/gcc/arm-none-eabi/13.3.1/../../../../arm-none-eabi/lib/thumb/v6-m/nofp\libc_nano.a(libc_a-memset.o)
                0x080017e0                memset
 .text.__libc_init_array
                0x080017f0       0x48 D:/Program Files/STMicroelectronics/STM32Cube/STM32CubeCLT_1.18.0/GNU-tools-for-STM32/bin/../lib/gcc/arm-none-eabi/13.3.1/../../../../arm-none-eabi/lib/thumb/v6-m/nofp\libc_nano.a(libc_a-init.o)
                0x080017f0                __libc_init_array
 .text.__retarget_lock_acquire_recursive
                0x08001838        0x2 D:/Program Files/STMicroelectronics/STM32Cube/STM32CubeCLT_1.18.0/GNU-tools-for-STM32/bin/../lib/gcc/arm-none-eabi/13.3.1/../../../../arm-none-eabi/lib/thumb/v6-m/nofp\libc_nano.a(libc_a-lock.o)
                0x08001838                __retarget_lock_acquire_recursive
 .text.__retarget_lock_release_recursive
                0x0800183a        0x2 D:/Program Files/STMicroelectronics/STM32Cube/STM32CubeCLT_1.18.0/GNU-tools-for-STM32/bin/../lib/gcc/arm-none-eabi/13.3.1/../../../../arm-none-eabi/lib/thumb/v6-m/nofp\libc_nano.a(libc_a-lock.o)
                0x0800183a                __retarget_lock_release_recursive
 .text._free_r  0x0800183c       0x94 D:/Program Files/STMicroelectronics/STM32Cube/STM32CubeCLT_1.18.0/GNU-tools-for-STM32/bin/../lib/gcc/arm-none-eabi/13.3.1/../../../../arm-none-eabi/lib/thumb/v6-m/nofp\libc_nano.a(libc_a-freer.o)
                0x0800183c                _free_r
 .text.sbrk_aligned
                0x080018d0       0x44 D:/Program Files/STMicroelectronics/STM32Cube/STM32CubeCLT_1.18.0/GNU-tools-for-STM32/bin/../lib/gcc/arm-none-eabi/13.3.1/../../../../arm-none-eabi/lib/thumb/v6-m/nofp\libc_nano.a(libc_a-mallocr.o)
 .text._malloc_r
                0x08001914      0x100 D:/Program Files/STMicroelectronics/STM32Cube/STM32CubeCLT_1.18.0/GNU-tools-for-STM32/bin/../lib/gcc/arm-none-eabi/13.3.1/../../../../arm-none-eabi/lib/thumb/v6-m/nofp\libc_nano.a(libc_a-mallocr.o)
                0x08001914                _malloc_r
 .text.__malloc_lock
                0x08001a14       0x10 D:/Program Files/STMicroelectronics/STM32Cube/STM32CubeCLT_1.18.0/GNU-tools-for-STM32/bin/../lib/gcc/arm-none-eabi/13.3.1/../../../../arm-none-eabi/lib/thumb/v6-m/nofp\libc_nano.a(libc_a-mlock.o)
                0x08001a14                __malloc_lock
 .text.__malloc_unlock
                0x08001a24       0x10 D:/Program Files/STMicroelectronics/STM32Cube/STM32CubeCLT_1.18.0/GNU-tools-for-STM32/bin/../lib/gcc/arm-none-eabi/13.3.1/../../../../arm-none-eabi/lib/thumb/v6-m/nofp\libc_nano.a(libc_a-mlock.o)
                0x08001a24                __malloc_unlock
 .text._sbrk_r  0x08001a34       0x24 D:/Program Files/STMicroelectronics/STM32Cube/STM32CubeCLT_1.18.0/GNU-tools-for-STM32/bin/../lib/gcc/arm-none-eabi/13.3.1/../../../../arm-none-eabi/lib/thumb/v6-m/nofp\libc_nano.a(libc_a-sbrkr.o)
                0x08001a34                _sbrk_r
 .text.button_init
                0x08001a58       0x96 CMakeFiles/TurtleADF4351.dir/Drivers/bsp/button/embedded_button.c.obj
                0x08001a58                button_init
 .text.get_button_key_value
                0x08001aee       0x14 CMakeFiles/TurtleADF4351.dir/Drivers/bsp/button/embedded_button.c.obj
                0x08001aee                get_button_key_value
 .text.__append_bit
                0x08001b02       0x26 CMakeFiles/TurtleADF4351.dir/Drivers/bsp/button/embedded_button.c.obj
 .text.__check_if_the_bits_match
                0x08001b28       0x36 CMakeFiles/TurtleADF4351.dir/Drivers/bsp/button/embedded_button.c.obj
 .text.button_handler
                0x08001b5e      0x31e CMakeFiles/TurtleADF4351.dir/Drivers/bsp/button/embedded_button.c.obj
                0x08001b5e                button_handler
 .text.button_start
                0x08001e7c       0x48 CMakeFiles/TurtleADF4351.dir/Drivers/bsp/button/embedded_button.c.obj
                0x08001e7c                button_start
 .text.button_ticks
                0x08001ec4       0x30 CMakeFiles/TurtleADF4351.dir/Drivers/bsp/button/embedded_button.c.obj
                0x08001ec4                button_ticks
 .text.read_button_pin
                0x08001ef4       0x4c CMakeFiles/TurtleADF4351.dir/Drivers/bsp/button/ec_button.c.obj
                0x08001ef4                read_button_pin
 .text.delay_init
                0x08001f40       0x40 CMakeFiles/TurtleADF4351.dir/Drivers/bsp/delay/delay.c.obj
                0x08001f40                delay_init
 .text.delay_xms
                0x08001f80       0x68 CMakeFiles/TurtleADF4351.dir/Drivers/bsp/delay/delay.c.obj
                0x08001f80                delay_xms
 .text.delay_ms
                0x08001fe8       0x78 CMakeFiles/TurtleADF4351.dir/Drivers/bsp/delay/delay.c.obj
                0x08001fe8                delay_ms
 .text.LCD_GPIO_Init
                0x08002060       0x4c CMakeFiles/TurtleADF4351.dir/Drivers/bsp/lcd/lcd.c.obj
                0x08002060                LCD_GPIO_Init
 .text.LCD_Writ_Bus
                0x080020ac       0x44 CMakeFiles/TurtleADF4351.dir/Drivers/bsp/lcd/lcd.c.obj
                0x080020ac                LCD_Writ_Bus
 .text.LCD_WR_DATA8
                0x080020f0       0x1e CMakeFiles/TurtleADF4351.dir/Drivers/bsp/lcd/lcd.c.obj
                0x080020f0                LCD_WR_DATA8
 .text.LCD_WR_DATA
                0x0800210e       0x30 CMakeFiles/TurtleADF4351.dir/Drivers/bsp/lcd/lcd.c.obj
                0x0800210e                LCD_WR_DATA
 *fill*         0x0800213e        0x2 
 .text.LCD_WR_REG
                0x08002140       0x3c CMakeFiles/TurtleADF4351.dir/Drivers/bsp/lcd/lcd.c.obj
                0x08002140                LCD_WR_REG
 .text.LCD_Address_Set
                0x0800217c       0x78 CMakeFiles/TurtleADF4351.dir/Drivers/bsp/lcd/lcd.c.obj
                0x0800217c                LCD_Address_Set
 .text.LCD_Init
                0x080021f4      0x1b8 CMakeFiles/TurtleADF4351.dir/Drivers/bsp/lcd/lcd.c.obj
                0x080021f4                LCD_Init
 .text.LCD_Fill
                0x080023ac       0xa6 CMakeFiles/TurtleADF4351.dir/Drivers/bsp/lcd/lcd.c.obj
                0x080023ac                LCD_Fill
 .text.LCD_DrawPoint
                0x08002452       0x46 CMakeFiles/TurtleADF4351.dir/Drivers/bsp/lcd/lcd.c.obj
                0x08002452                LCD_DrawPoint
 .text.LCD_ShowChar
                0x08002498      0x270 CMakeFiles/TurtleADF4351.dir/Drivers/bsp/lcd/lcd.c.obj
                0x08002498                LCD_ShowChar
 .text.LCD_ShowString
                0x08002708       0x94 CMakeFiles/TurtleADF4351.dir/Drivers/bsp/lcd/lcd.c.obj
                0x08002708                LCD_ShowString
 .text.ADF4351_setting2reg
                0x0800279c      0x230 CMakeFiles/TurtleADF4351.dir/Drivers/bsp/adf4351/adf4351.c.obj
                0x0800279c                ADF4351_setting2reg
 .text.ADF4351_WriteReg
                0x080029cc       0x8c CMakeFiles/TurtleADF4351.dir/Drivers/bsp/adf4351/adf4351.c.obj
                0x080029cc                ADF4351_WriteReg
 .text.ADF4351_WriteAllReg
                0x08002a58       0x54 CMakeFiles/TurtleADF4351.dir/Drivers/bsp/adf4351/adf4351.c.obj
                0x08002a58                ADF4351_WriteAllReg
 .text.ADF4351_Init
                0x08002aac       0x68 CMakeFiles/TurtleADF4351.dir/Drivers/bsp/adf4351/adf4351.c.obj
                0x08002aac                ADF4351_Init
 .text.ADF4351_SetFrequency_RF
                0x08002b14      0x14c CMakeFiles/TurtleADF4351.dir/Drivers/bsp/adf4351/adf4351.c.obj
                0x08002b14                ADF4351_SetFrequency_RF
 .text.ADF4351_SetFrequency_FullBW
                0x08002c60      0x2d4 CMakeFiles/TurtleADF4351.dir/Drivers/bsp/adf4351/adf4351.c.obj
                0x08002c60                ADF4351_SetFrequency_FullBW
 .text.mydelay  0x08002f34       0x3a CMakeFiles/TurtleADF4351.dir/Drivers/bsp/adf4351/adf4351.c.obj
                0x08002f34                mydelay
 *fill*         0x08002f6e        0x2 
 .text.Menu_Init
                0x08002f70       0x40 CMakeFiles/TurtleADF4351.dir/App/Menu/menu.c.obj
                0x08002f70                Menu_Init
 .text.Menu_Update
                0x08002fb0      0x358 CMakeFiles/TurtleADF4351.dir/App/Menu/menu.c.obj
                0x08002fb0                Menu_Update
 .text.Show_table
                0x08003308      0x158 CMakeFiles/TurtleADF4351.dir/App/Menu/menu.c.obj
                0x08003308                Show_table
 .text.main     0x08003460      0x1a4 CMakeFiles/TurtleADF4351.dir/Core/Src/main.c.obj
                0x08003460                main
 .text.SystemClock_Config
                0x08003604       0xb4 CMakeFiles/TurtleADF4351.dir/Core/Src/main.c.obj
                0x08003604                SystemClock_Config
 .text.HAL_TIM_PeriodElapsedCallback
                0x080036b8       0x20 CMakeFiles/TurtleADF4351.dir/Core/Src/main.c.obj
                0x080036b8                HAL_TIM_PeriodElapsedCallback
 .text.Error_Handler
                0x080036d8        0xc CMakeFiles/TurtleADF4351.dir/Core/Src/main.c.obj
                0x080036d8                Error_Handler
 .text.MX_GPIO_Init
                0x080036e4      0x168 CMakeFiles/TurtleADF4351.dir/Core/Src/gpio.c.obj
                0x080036e4                MX_GPIO_Init
 .text.MX_DMA_Init
                0x0800384c       0x4c CMakeFiles/TurtleADF4351.dir/Core/Src/dma.c.obj
                0x0800384c                MX_DMA_Init
 .text.MX_SPI1_Init
                0x08003898       0x7c CMakeFiles/TurtleADF4351.dir/Core/Src/spi.c.obj
                0x08003898                MX_SPI1_Init
 .text.MX_SPI2_Init
                0x08003914       0x7c CMakeFiles/TurtleADF4351.dir/Core/Src/spi.c.obj
                0x08003914                MX_SPI2_Init
 .text.HAL_SPI_MspInit
                0x08003990      0x1c0 CMakeFiles/TurtleADF4351.dir/Core/Src/spi.c.obj
                0x08003990                HAL_SPI_MspInit
 .text.MX_TIM1_Init
                0x08003b50      0x15c CMakeFiles/TurtleADF4351.dir/Core/Src/tim.c.obj
                0x08003b50                MX_TIM1_Init
 .text.MX_TIM3_Init
                0x08003cac       0xc8 CMakeFiles/TurtleADF4351.dir/Core/Src/tim.c.obj
                0x08003cac                MX_TIM3_Init
 .text.MX_TIM17_Init
                0x08003d74       0x50 CMakeFiles/TurtleADF4351.dir/Core/Src/tim.c.obj
                0x08003d74                MX_TIM17_Init
 .text.HAL_TIM_PWM_MspInit
                0x08003dc4       0x40 CMakeFiles/TurtleADF4351.dir/Core/Src/tim.c.obj
                0x08003dc4                HAL_TIM_PWM_MspInit
 .text.HAL_TIM_Encoder_MspInit
                0x08003e04       0x90 CMakeFiles/TurtleADF4351.dir/Core/Src/tim.c.obj
                0x08003e04                HAL_TIM_Encoder_MspInit
 .text.HAL_TIM_Base_MspInit
                0x08003e94       0x50 CMakeFiles/TurtleADF4351.dir/Core/Src/tim.c.obj
                0x08003e94                HAL_TIM_Base_MspInit
 .text.HAL_TIM_MspPostInit
                0x08003ee4       0x7c CMakeFiles/TurtleADF4351.dir/Core/Src/tim.c.obj
                0x08003ee4                HAL_TIM_MspPostInit
 .text.MX_USART1_UART_Init
                0x08003f60       0x9c CMakeFiles/TurtleADF4351.dir/Core/Src/usart.c.obj
                0x08003f60                MX_USART1_UART_Init
 .text.HAL_UART_MspInit
                0x08003ffc       0xc4 CMakeFiles/TurtleADF4351.dir/Core/Src/usart.c.obj
                0x08003ffc                HAL_UART_MspInit
 .text.NMI_Handler
                0x080040c0        0x8 CMakeFiles/TurtleADF4351.dir/Core/Src/stm32g0xx_it.c.obj
                0x080040c0                NMI_Handler
 .text.HardFault_Handler
                0x080040c8        0x8 CMakeFiles/TurtleADF4351.dir/Core/Src/stm32g0xx_it.c.obj
                0x080040c8                HardFault_Handler
 .text.SVC_Handler
                0x080040d0        0xa CMakeFiles/TurtleADF4351.dir/Core/Src/stm32g0xx_it.c.obj
                0x080040d0                SVC_Handler
 .text.PendSV_Handler
                0x080040da        0xa CMakeFiles/TurtleADF4351.dir/Core/Src/stm32g0xx_it.c.obj
                0x080040da                PendSV_Handler
 .text.SysTick_Handler
                0x080040e4        0xe CMakeFiles/TurtleADF4351.dir/Core/Src/stm32g0xx_it.c.obj
                0x080040e4                SysTick_Handler
 *fill*         0x080040f2        0x2 
 .text.DMA1_Channel1_IRQHandler
                0x080040f4       0x18 CMakeFiles/TurtleADF4351.dir/Core/Src/stm32g0xx_it.c.obj
                0x080040f4                DMA1_Channel1_IRQHandler
 .text.DMA1_Channel2_3_IRQHandler
                0x0800410c       0x18 CMakeFiles/TurtleADF4351.dir/Core/Src/stm32g0xx_it.c.obj
                0x0800410c                DMA1_Channel2_3_IRQHandler
 .text.TIM17_IRQHandler
                0x08004124       0x18 CMakeFiles/TurtleADF4351.dir/Core/Src/stm32g0xx_it.c.obj
                0x08004124                TIM17_IRQHandler
 .text.HAL_MspInit
                0x0800413c       0x48 CMakeFiles/TurtleADF4351.dir/Core/Src/stm32g0xx_hal_msp.c.obj
                0x0800413c                HAL_MspInit
 .text.HAL_SPI_Init
                0x08004184      0x170 CMakeFiles/TurtleADF4351.dir/Drivers/STM32G0xx_HAL_Driver/Src/stm32g0xx_hal_spi.c.obj
                0x08004184                HAL_SPI_Init
 .text.HAL_SPI_Transmit_DMA
                0x080042f4      0x204 CMakeFiles/TurtleADF4351.dir/Drivers/STM32G0xx_HAL_Driver/Src/stm32g0xx_hal_spi.c.obj
                0x080042f4                HAL_SPI_Transmit_DMA
 .text.HAL_SPI_TxCpltCallback
                0x080044f8       0x10 CMakeFiles/TurtleADF4351.dir/Drivers/STM32G0xx_HAL_Driver/Src/stm32g0xx_hal_spi.c.obj
                0x080044f8                HAL_SPI_TxCpltCallback
 .text.HAL_SPI_TxHalfCpltCallback
                0x08004508       0x10 CMakeFiles/TurtleADF4351.dir/Drivers/STM32G0xx_HAL_Driver/Src/stm32g0xx_hal_spi.c.obj
                0x08004508                HAL_SPI_TxHalfCpltCallback
 .text.HAL_SPI_ErrorCallback
                0x08004518       0x10 CMakeFiles/TurtleADF4351.dir/Drivers/STM32G0xx_HAL_Driver/Src/stm32g0xx_hal_spi.c.obj
                0x08004518                HAL_SPI_ErrorCallback
 .text.SPI_DMATransmitCplt
                0x08004528       0xac CMakeFiles/TurtleADF4351.dir/Drivers/STM32G0xx_HAL_Driver/Src/stm32g0xx_hal_spi.c.obj
 .text.SPI_DMAHalfTransmitCplt
                0x080045d4       0x1e CMakeFiles/TurtleADF4351.dir/Drivers/STM32G0xx_HAL_Driver/Src/stm32g0xx_hal_spi.c.obj
 .text.SPI_DMAError
                0x080045f2       0x42 CMakeFiles/TurtleADF4351.dir/Drivers/STM32G0xx_HAL_Driver/Src/stm32g0xx_hal_spi.c.obj
 .text.SPI_WaitFlagStateUntilTimeout
                0x08004634      0x11c CMakeFiles/TurtleADF4351.dir/Drivers/STM32G0xx_HAL_Driver/Src/stm32g0xx_hal_spi.c.obj
 .text.SPI_WaitFifoStateUntilTimeout
                0x08004750      0x144 CMakeFiles/TurtleADF4351.dir/Drivers/STM32G0xx_HAL_Driver/Src/stm32g0xx_hal_spi.c.obj
 .text.SPI_EndRxTxTransaction
                0x08004894       0x8c CMakeFiles/TurtleADF4351.dir/Drivers/STM32G0xx_HAL_Driver/Src/stm32g0xx_hal_spi.c.obj
 .text.LL_RCC_GetAPB1Prescaler
                0x08004920       0x18 CMakeFiles/TurtleADF4351.dir/Drivers/STM32G0xx_HAL_Driver/Src/stm32g0xx_hal_rcc.c.obj
 .text.HAL_RCC_OscConfig
                0x08004938      0x620 CMakeFiles/TurtleADF4351.dir/Drivers/STM32G0xx_HAL_Driver/Src/stm32g0xx_hal_rcc.c.obj
                0x08004938                HAL_RCC_OscConfig
 .text.HAL_RCC_ClockConfig
                0x08004f58      0x210 CMakeFiles/TurtleADF4351.dir/Drivers/STM32G0xx_HAL_Driver/Src/stm32g0xx_hal_rcc.c.obj
                0x08004f58                HAL_RCC_ClockConfig
 .text.HAL_RCC_GetSysClockFreq
                0x08005168      0x104 CMakeFiles/TurtleADF4351.dir/Drivers/STM32G0xx_HAL_Driver/Src/stm32g0xx_hal_rcc.c.obj
                0x08005168                HAL_RCC_GetSysClockFreq
 .text.HAL_RCC_GetHCLKFreq
                0x0800526c       0x14 CMakeFiles/TurtleADF4351.dir/Drivers/STM32G0xx_HAL_Driver/Src/stm32g0xx_hal_rcc.c.obj
                0x0800526c                HAL_RCC_GetHCLKFreq
 .text.HAL_RCC_GetPCLK1Freq
                0x08005280       0x2c CMakeFiles/TurtleADF4351.dir/Drivers/STM32G0xx_HAL_Driver/Src/stm32g0xx_hal_rcc.c.obj
                0x08005280                HAL_RCC_GetPCLK1Freq
 .text.HAL_RCCEx_PeriphCLKConfig
                0x080052ac      0x24c CMakeFiles/TurtleADF4351.dir/Drivers/STM32G0xx_HAL_Driver/Src/stm32g0xx_hal_rcc_ex.c.obj
                0x080052ac                HAL_RCCEx_PeriphCLKConfig
 .text.HAL_GPIO_Init
                0x080054f8      0x2c8 CMakeFiles/TurtleADF4351.dir/Drivers/STM32G0xx_HAL_Driver/Src/stm32g0xx_hal_gpio.c.obj
                0x080054f8                HAL_GPIO_Init
 .text.HAL_GPIO_ReadPin
                0x080057c0       0x3a CMakeFiles/TurtleADF4351.dir/Drivers/STM32G0xx_HAL_Driver/Src/stm32g0xx_hal_gpio.c.obj
                0x080057c0                HAL_GPIO_ReadPin
 .text.HAL_GPIO_WritePin
                0x080057fa       0x3a CMakeFiles/TurtleADF4351.dir/Drivers/STM32G0xx_HAL_Driver/Src/stm32g0xx_hal_gpio.c.obj
                0x080057fa                HAL_GPIO_WritePin
 .text.HAL_DMA_Init
                0x08005834      0x114 CMakeFiles/TurtleADF4351.dir/Drivers/STM32G0xx_HAL_Driver/Src/stm32g0xx_hal_dma.c.obj
                0x08005834                HAL_DMA_Init
 .text.HAL_DMA_Start_IT
                0x08005948      0x10c CMakeFiles/TurtleADF4351.dir/Drivers/STM32G0xx_HAL_Driver/Src/stm32g0xx_hal_dma.c.obj
                0x08005948                HAL_DMA_Start_IT
 .text.HAL_DMA_IRQHandler
                0x08005a54      0x164 CMakeFiles/TurtleADF4351.dir/Drivers/STM32G0xx_HAL_Driver/Src/stm32g0xx_hal_dma.c.obj
                0x08005a54                HAL_DMA_IRQHandler
 .text.DMA_SetConfig
                0x08005bb8       0x80 CMakeFiles/TurtleADF4351.dir/Drivers/STM32G0xx_HAL_Driver/Src/stm32g0xx_hal_dma.c.obj
 .text.DMA_CalcDMAMUXChannelBaseAndMask
                0x08005c38       0x58 CMakeFiles/TurtleADF4351.dir/Drivers/STM32G0xx_HAL_Driver/Src/stm32g0xx_hal_dma.c.obj
 .text.DMA_CalcDMAMUXRequestGenBaseAndMask
                0x08005c90       0x48 CMakeFiles/TurtleADF4351.dir/Drivers/STM32G0xx_HAL_Driver/Src/stm32g0xx_hal_dma.c.obj
 .text.HAL_PWREx_ControlVoltageScaling
                0x08005cd8       0x80 CMakeFiles/TurtleADF4351.dir/Drivers/STM32G0xx_HAL_Driver/Src/stm32g0xx_hal_pwr_ex.c.obj
                0x08005cd8                HAL_PWREx_ControlVoltageScaling
 .text.__NVIC_EnableIRQ
                0x08005d58       0x34 CMakeFiles/TurtleADF4351.dir/Drivers/STM32G0xx_HAL_Driver/Src/stm32g0xx_hal_cortex.c.obj
 .text.__NVIC_SetPriority
                0x08005d8c       0xdc CMakeFiles/TurtleADF4351.dir/Drivers/STM32G0xx_HAL_Driver/Src/stm32g0xx_hal_cortex.c.obj
 .text.SysTick_Config
                0x08005e68       0x48 CMakeFiles/TurtleADF4351.dir/Drivers/STM32G0xx_HAL_Driver/Src/stm32g0xx_hal_cortex.c.obj
 .text.HAL_NVIC_SetPriority
                0x08005eb0       0x2a CMakeFiles/TurtleADF4351.dir/Drivers/STM32G0xx_HAL_Driver/Src/stm32g0xx_hal_cortex.c.obj
                0x08005eb0                HAL_NVIC_SetPriority
 .text.HAL_NVIC_EnableIRQ
                0x08005eda       0x20 CMakeFiles/TurtleADF4351.dir/Drivers/STM32G0xx_HAL_Driver/Src/stm32g0xx_hal_cortex.c.obj
                0x08005eda                HAL_NVIC_EnableIRQ
 .text.HAL_SYSTICK_Config
                0x08005efa       0x1a CMakeFiles/TurtleADF4351.dir/Drivers/STM32G0xx_HAL_Driver/Src/stm32g0xx_hal_cortex.c.obj
                0x08005efa                HAL_SYSTICK_Config
 .text.HAL_SYSTICK_CLKSourceConfig
                0x08005f14       0x34 CMakeFiles/TurtleADF4351.dir/Drivers/STM32G0xx_HAL_Driver/Src/stm32g0xx_hal_cortex.c.obj
                0x08005f14                HAL_SYSTICK_CLKSourceConfig
 .text.HAL_Init
                0x08005f48       0x40 CMakeFiles/TurtleADF4351.dir/Drivers/STM32G0xx_HAL_Driver/Src/stm32g0xx_hal.c.obj
                0x08005f48                HAL_Init
 .text.HAL_InitTick
                0x08005f88       0x94 CMakeFiles/TurtleADF4351.dir/Drivers/STM32G0xx_HAL_Driver/Src/stm32g0xx_hal.c.obj
                0x08005f88                HAL_InitTick
 .text.HAL_IncTick
                0x0800601c       0x24 CMakeFiles/TurtleADF4351.dir/Drivers/STM32G0xx_HAL_Driver/Src/stm32g0xx_hal.c.obj
                0x0800601c                HAL_IncTick
 .text.HAL_GetTick
                0x08006040       0x14 CMakeFiles/TurtleADF4351.dir/Drivers/STM32G0xx_HAL_Driver/Src/stm32g0xx_hal.c.obj
                0x08006040                HAL_GetTick
 .text.HAL_TIM_Base_Init
                0x08006054       0xb0 CMakeFiles/TurtleADF4351.dir/Drivers/STM32G0xx_HAL_Driver/Src/stm32g0xx_hal_tim.c.obj
                0x08006054                HAL_TIM_Base_Init
 .text.HAL_TIM_Base_Start_IT
                0x08006104       0x9c CMakeFiles/TurtleADF4351.dir/Drivers/STM32G0xx_HAL_Driver/Src/stm32g0xx_hal_tim.c.obj
                0x08006104                HAL_TIM_Base_Start_IT
 .text.HAL_TIM_PWM_Init
                0x080061a0       0xb0 CMakeFiles/TurtleADF4351.dir/Drivers/STM32G0xx_HAL_Driver/Src/stm32g0xx_hal_tim.c.obj
                0x080061a0                HAL_TIM_PWM_Init
 .text.HAL_TIM_PWM_Start
                0x08006250      0x1b0 CMakeFiles/TurtleADF4351.dir/Drivers/STM32G0xx_HAL_Driver/Src/stm32g0xx_hal_tim.c.obj
                0x08006250                HAL_TIM_PWM_Start
 .text.HAL_TIM_Encoder_Init
                0x08006400      0x150 CMakeFiles/TurtleADF4351.dir/Drivers/STM32G0xx_HAL_Driver/Src/stm32g0xx_hal_tim.c.obj
                0x08006400                HAL_TIM_Encoder_Init
 .text.HAL_TIM_Encoder_Start
                0x08006550      0x148 CMakeFiles/TurtleADF4351.dir/Drivers/STM32G0xx_HAL_Driver/Src/stm32g0xx_hal_tim.c.obj
                0x08006550                HAL_TIM_Encoder_Start
 .text.HAL_TIM_IRQHandler
                0x08006698      0x210 CMakeFiles/TurtleADF4351.dir/Drivers/STM32G0xx_HAL_Driver/Src/stm32g0xx_hal_tim.c.obj
                0x08006698                HAL_TIM_IRQHandler
 .text.HAL_TIM_PWM_ConfigChannel
                0x080068a8      0x200 CMakeFiles/TurtleADF4351.dir/Drivers/STM32G0xx_HAL_Driver/Src/stm32g0xx_hal_tim.c.obj
                0x080068a8                HAL_TIM_PWM_ConfigChannel
 .text.HAL_TIM_OC_DelayElapsedCallback
                0x08006aa8       0x10 CMakeFiles/TurtleADF4351.dir/Drivers/STM32G0xx_HAL_Driver/Src/stm32g0xx_hal_tim.c.obj
                0x08006aa8                HAL_TIM_OC_DelayElapsedCallback
 .text.HAL_TIM_IC_CaptureCallback
                0x08006ab8       0x10 CMakeFiles/TurtleADF4351.dir/Drivers/STM32G0xx_HAL_Driver/Src/stm32g0xx_hal_tim.c.obj
                0x08006ab8                HAL_TIM_IC_CaptureCallback
 .text.HAL_TIM_PWM_PulseFinishedCallback
                0x08006ac8       0x10 CMakeFiles/TurtleADF4351.dir/Drivers/STM32G0xx_HAL_Driver/Src/stm32g0xx_hal_tim.c.obj
                0x08006ac8                HAL_TIM_PWM_PulseFinishedCallback
 .text.HAL_TIM_TriggerCallback
                0x08006ad8       0x10 CMakeFiles/TurtleADF4351.dir/Drivers/STM32G0xx_HAL_Driver/Src/stm32g0xx_hal_tim.c.obj
                0x08006ad8                HAL_TIM_TriggerCallback
 .text.TIM_Base_SetConfig
                0x08006ae8       0xf4 CMakeFiles/TurtleADF4351.dir/Drivers/STM32G0xx_HAL_Driver/Src/stm32g0xx_hal_tim.c.obj
                0x08006ae8                TIM_Base_SetConfig
 .text.TIM_OC1_SetConfig
                0x08006bdc      0x100 CMakeFiles/TurtleADF4351.dir/Drivers/STM32G0xx_HAL_Driver/Src/stm32g0xx_hal_tim.c.obj
 .text.TIM_OC2_SetConfig
                0x08006cdc       0xfc CMakeFiles/TurtleADF4351.dir/Drivers/STM32G0xx_HAL_Driver/Src/stm32g0xx_hal_tim.c.obj
                0x08006cdc                TIM_OC2_SetConfig
 .text.TIM_OC3_SetConfig
                0x08006dd8      0x104 CMakeFiles/TurtleADF4351.dir/Drivers/STM32G0xx_HAL_Driver/Src/stm32g0xx_hal_tim.c.obj
 .text.TIM_OC4_SetConfig
                0x08006edc       0xc8 CMakeFiles/TurtleADF4351.dir/Drivers/STM32G0xx_HAL_Driver/Src/stm32g0xx_hal_tim.c.obj
 .text.TIM_OC5_SetConfig
                0x08006fa4       0xb4 CMakeFiles/TurtleADF4351.dir/Drivers/STM32G0xx_HAL_Driver/Src/stm32g0xx_hal_tim.c.obj
 .text.TIM_OC6_SetConfig
                0x08007058       0xbc CMakeFiles/TurtleADF4351.dir/Drivers/STM32G0xx_HAL_Driver/Src/stm32g0xx_hal_tim.c.obj
 .text.TIM_CCxChannelCmd
                0x08007114       0x46 CMakeFiles/TurtleADF4351.dir/Drivers/STM32G0xx_HAL_Driver/Src/stm32g0xx_hal_tim.c.obj
                0x08007114                TIM_CCxChannelCmd
 *fill*         0x0800715a        0x2 
 .text.HAL_TIMEx_MasterConfigSynchronization
                0x0800715c       0xc4 CMakeFiles/TurtleADF4351.dir/Drivers/STM32G0xx_HAL_Driver/Src/stm32g0xx_hal_tim_ex.c.obj
                0x0800715c                HAL_TIMEx_MasterConfigSynchronization
 .text.HAL_TIMEx_ConfigBreakDeadTime
                0x08007220      0x138 CMakeFiles/TurtleADF4351.dir/Drivers/STM32G0xx_HAL_Driver/Src/stm32g0xx_hal_tim_ex.c.obj
                0x08007220                HAL_TIMEx_ConfigBreakDeadTime
 .text.HAL_TIMEx_CommutCallback
                0x08007358       0x10 CMakeFiles/TurtleADF4351.dir/Drivers/STM32G0xx_HAL_Driver/Src/stm32g0xx_hal_tim_ex.c.obj
                0x08007358                HAL_TIMEx_CommutCallback
 .text.HAL_TIMEx_BreakCallback
                0x08007368       0x10 CMakeFiles/TurtleADF4351.dir/Drivers/STM32G0xx_HAL_Driver/Src/stm32g0xx_hal_tim_ex.c.obj
                0x08007368                HAL_TIMEx_BreakCallback
 .text.HAL_TIMEx_Break2Callback
                0x08007378       0x10 CMakeFiles/TurtleADF4351.dir/Drivers/STM32G0xx_HAL_Driver/Src/stm32g0xx_hal_tim_ex.c.obj
                0x08007378                HAL_TIMEx_Break2Callback
 .text.HAL_UART_Init
                0x08007388       0xac CMakeFiles/TurtleADF4351.dir/Drivers/STM32G0xx_HAL_Driver/Src/stm32g0xx_hal_uart.c.obj
                0x08007388                HAL_UART_Init
 .text.UART_SetConfig
                0x08007434      0x2d4 CMakeFiles/TurtleADF4351.dir/Drivers/STM32G0xx_HAL_Driver/Src/stm32g0xx_hal_uart.c.obj
                0x08007434                UART_SetConfig
 .text.UART_AdvFeatureConfig
                0x08007708      0x168 CMakeFiles/TurtleADF4351.dir/Drivers/STM32G0xx_HAL_Driver/Src/stm32g0xx_hal_uart.c.obj
                0x08007708                UART_AdvFeatureConfig
 .text.UART_CheckIdleState
                0x08007870      0x154 CMakeFiles/TurtleADF4351.dir/Drivers/STM32G0xx_HAL_Driver/Src/stm32g0xx_hal_uart.c.obj
                0x08007870                UART_CheckIdleState
 .text.UART_WaitOnFlagUntilTimeout
                0x080079c4       0xde CMakeFiles/TurtleADF4351.dir/Drivers/STM32G0xx_HAL_Driver/Src/stm32g0xx_hal_uart.c.obj
                0x080079c4                UART_WaitOnFlagUntilTimeout
 *fill*         0x08007aa2        0x2 
 .text.UART_EndRxTransfer
                0x08007aa4       0xcc CMakeFiles/TurtleADF4351.dir/Drivers/STM32G0xx_HAL_Driver/Src/stm32g0xx_hal_uart.c.obj
 .text.HAL_UARTEx_DisableFifoMode
                0x08007b70       0x74 CMakeFiles/TurtleADF4351.dir/Drivers/STM32G0xx_HAL_Driver/Src/stm32g0xx_hal_uart_ex.c.obj
                0x08007b70                HAL_UARTEx_DisableFifoMode
 .text.HAL_UARTEx_SetTxFifoThreshold
                0x08007be4       0x7e CMakeFiles/TurtleADF4351.dir/Drivers/STM32G0xx_HAL_Driver/Src/stm32g0xx_hal_uart_ex.c.obj
                0x08007be4                HAL_UARTEx_SetTxFifoThreshold
 *fill*         0x08007c62        0x2 
 .text.HAL_UARTEx_SetRxFifoThreshold
                0x08007c64       0x84 CMakeFiles/TurtleADF4351.dir/Drivers/STM32G0xx_HAL_Driver/Src/stm32g0xx_hal_uart_ex.c.obj
                0x08007c64                HAL_UARTEx_SetRxFifoThreshold
 .text.UARTEx_SetNbDataToProcess
                0x08007ce8       0xbc CMakeFiles/TurtleADF4351.dir/Drivers/STM32G0xx_HAL_Driver/Src/stm32g0xx_hal_uart_ex.c.obj
 .text.SystemInit
                0x08007da4        0xa CMakeFiles/TurtleADF4351.dir/Core/Src/system_stm32g0xx.c.obj
                0x08007da4                SystemInit
 *fill*         0x08007dae        0x2 
 .text._sbrk    0x08007db0       0x6c CMakeFiles/TurtleADF4351.dir/Core/Src/sysmem.c.obj
                0x08007db0                _sbrk
 .text.Reset_Handler
                0x08007e1c       0x50 CMakeFiles/TurtleADF4351.dir/startup_stm32g030xx.s.obj
                0x08007e1c                Reset_Handler
 .text.Default_Handler
                0x08007e6c        0x2 CMakeFiles/TurtleADF4351.dir/startup_stm32g030xx.s.obj
                0x08007e6c                TIM1_CC_IRQHandler
                0x08007e6c                I2C1_IRQHandler
                0x08007e6c                RTC_TAMP_IRQHandler
                0x08007e6c                SPI1_IRQHandler
                0x08007e6c                DMA1_Ch4_5_DMAMUX1_OVR_IRQHandler
                0x08007e6c                EXTI2_3_IRQHandler
                0x08007e6c                ADC1_IRQHandler
                0x08007e6c                I2C2_IRQHandler
                0x08007e6c                TIM16_IRQHandler
                0x08007e6c                TIM3_IRQHandler
                0x08007e6c                EXTI4_15_IRQHandler
                0x08007e6c                RCC_IRQHandler
                0x08007e6c                Default_Handler
                0x08007e6c                TIM14_IRQHandler
                0x08007e6c                EXTI0_1_IRQHandler
                0x08007e6c                SPI2_IRQHandler
                0x08007e6c                WWDG_IRQHandler
                0x08007e6c                USART2_IRQHandler
                0x08007e6c                FLASH_IRQHandler
                0x08007e6c                USART1_IRQHandler
                0x08007e6c                TIM1_BRK_UP_TRG_COM_IRQHandler
 *fill*         0x08007e6e        0x2 
 .text.sprintf  0x08007e70       0x44 D:/Program Files/STMicroelectronics/STM32Cube/STM32CubeCLT_1.18.0/GNU-tools-for-STM32/bin/../lib/gcc/arm-none-eabi/13.3.1/../../../../arm-none-eabi/lib/thumb/v6-m/nofp\libg_nano.a(libc_a-sprintf.o)
                0x08007e70                siprintf
                0x08007e70                sprintf
 .text.__errno  0x08007eb4        0xc D:/Program Files/STMicroelectronics/STM32Cube/STM32CubeCLT_1.18.0/GNU-tools-for-STM32/bin/../lib/gcc/arm-none-eabi/13.3.1/../../../../arm-none-eabi/lib/thumb/v6-m/nofp\libg_nano.a(libc_a-errno.o)
                0x08007eb4                __errno
 .text.memcpy   0x08007ec0       0x12 D:/Program Files/STMicroelectronics/STM32Cube/STM32CubeCLT_1.18.0/GNU-tools-for-STM32/bin/../lib/gcc/arm-none-eabi/13.3.1/../../../../arm-none-eabi/lib/thumb/v6-m/nofp\libg_nano.a(libc_a-memcpy-stub.o)
                0x08007ec0                memcpy
 *fill*         0x08007ed2        0x2 
 .text.__ssputs_r
                0x08007ed4       0xc0 D:/Program Files/STMicroelectronics/STM32Cube/STM32CubeCLT_1.18.0/GNU-tools-for-STM32/bin/../lib/gcc/arm-none-eabi/13.3.1/../../../../arm-none-eabi/lib/thumb/v6-m/nofp\libg_nano.a(libc_a-nano-svfprintf.o)
                0x08007ed4                __ssputs_r
 .text._svfprintf_r
                0x08007f94      0x1fc D:/Program Files/STMicroelectronics/STM32Cube/STM32CubeCLT_1.18.0/GNU-tools-for-STM32/bin/../lib/gcc/arm-none-eabi/13.3.1/../../../../arm-none-eabi/lib/thumb/v6-m/nofp\libg_nano.a(libc_a-nano-svfprintf.o)
                0x08007f94                _svfiprintf_r
                0x08007f94                _svfprintf_r
 .text._printf_common
                0x08008190       0xde D:/Program Files/STMicroelectronics/STM32Cube/STM32CubeCLT_1.18.0/GNU-tools-for-STM32/bin/../lib/gcc/arm-none-eabi/13.3.1/../../../../arm-none-eabi/lib/thumb/v6-m/nofp\libg_nano.a(libc_a-nano-vfprintf_i.o)
                0x08008190                _printf_common
 *fill*         0x0800826e        0x2 
 .text._printf_i
                0x08008270      0x218 D:/Program Files/STMicroelectronics/STM32Cube/STM32CubeCLT_1.18.0/GNU-tools-for-STM32/bin/../lib/gcc/arm-none-eabi/13.3.1/../../../../arm-none-eabi/lib/thumb/v6-m/nofp\libg_nano.a(libc_a-nano-vfprintf_i.o)
                0x08008270                _printf_i
 .text.memmove  0x08008488       0x24 D:/Program Files/STMicroelectronics/STM32Cube/STM32CubeCLT_1.18.0/GNU-tools-for-STM32/bin/../lib/gcc/arm-none-eabi/13.3.1/../../../../arm-none-eabi/lib/thumb/v6-m/nofp\libg_nano.a(libc_a-memmove.o)
                0x08008488                memmove
 .text.memchr   0x080084ac       0x16 D:/Program Files/STMicroelectronics/STM32Cube/STM32CubeCLT_1.18.0/GNU-tools-for-STM32/bin/../lib/gcc/arm-none-eabi/13.3.1/../../../../arm-none-eabi/lib/thumb/v6-m/nofp\libg_nano.a(libc_a-memchr-stub.o)
                0x080084ac                memchr
 .text._realloc_r
                0x080084c2       0x60 D:/Program Files/STMicroelectronics/STM32Cube/STM32CubeCLT_1.18.0/GNU-tools-for-STM32/bin/../lib/gcc/arm-none-eabi/13.3.1/../../../../arm-none-eabi/lib/thumb/v6-m/nofp\libg_nano.a(libc_a-reallocr.o)
                0x080084c2                _realloc_r
 .text._malloc_usable_size_r
                0x08008522       0x10 D:/Program Files/STMicroelectronics/STM32Cube/STM32CubeCLT_1.18.0/GNU-tools-for-STM32/bin/../lib/gcc/arm-none-eabi/13.3.1/../../../../arm-none-eabi/lib/thumb/v6-m/nofp\libg_nano.a(libc_a-msizer.o)
                0x08008522                _malloc_usable_size_r
 *(.glue_7)
 .glue_7        0x08008532        0x0 linker stubs
 *(.glue_7t)
 .glue_7t       0x08008532        0x0 linker stubs
 *(.eh_frame)
 *fill*         0x08008532        0x2 
 .eh_frame      0x08008534        0x0 D:/Program Files/STMicroelectronics/STM32Cube/STM32CubeCLT_1.18.0/GNU-tools-for-STM32/bin/../lib/gcc/arm-none-eabi/13.3.1/thumb/v6-m/nofp/crtbegin.o
 *(.init)
 .init          0x08008534        0x4 D:/Program Files/STMicroelectronics/STM32Cube/STM32CubeCLT_1.18.0/GNU-tools-for-STM32/bin/../lib/gcc/arm-none-eabi/13.3.1/thumb/v6-m/nofp/crti.o
                0x08008534                _init
 .init          0x08008538        0x8 D:/Program Files/STMicroelectronics/STM32Cube/STM32CubeCLT_1.18.0/GNU-tools-for-STM32/bin/../lib/gcc/arm-none-eabi/13.3.1/thumb/v6-m/nofp/crtn.o
 *(.fini)
 .fini          0x08008540        0x4 D:/Program Files/STMicroelectronics/STM32Cube/STM32CubeCLT_1.18.0/GNU-tools-for-STM32/bin/../lib/gcc/arm-none-eabi/13.3.1/thumb/v6-m/nofp/crti.o
                0x08008540                _fini
 .fini          0x08008544        0x8 D:/Program Files/STMicroelectronics/STM32Cube/STM32CubeCLT_1.18.0/GNU-tools-for-STM32/bin/../lib/gcc/arm-none-eabi/13.3.1/thumb/v6-m/nofp/crtn.o
                0x0800854c                        . = ALIGN (0x4)
                0x0800854c                        _etext = .

.vfp11_veneer   0x0800854c        0x0
 .vfp11_veneer  0x0800854c        0x0 linker stubs

.v4_bx          0x0800854c        0x0
 .v4_bx         0x0800854c        0x0 linker stubs

.iplt           0x0800854c        0x0
 .iplt          0x0800854c        0x0 D:/Program Files/STMicroelectronics/STM32Cube/STM32CubeCLT_1.18.0/GNU-tools-for-STM32/bin/../lib/gcc/arm-none-eabi/13.3.1/thumb/v6-m/nofp/crtbegin.o

.rodata         0x0800854c     0x35f0
                0x0800854c                        . = ALIGN (0x4)
 *(.rodata)
 .rodata        0x0800854c       0x70 CMakeFiles/TurtleADF4351.dir/App/Menu/menu.c.obj
 .rodata        0x080085bc       0x7c D:/Program Files/STMicroelectronics/STM32Cube/STM32CubeCLT_1.18.0/GNU-tools-for-STM32/bin/../lib/gcc/arm-none-eabi/13.3.1/thumb/v6-m/nofp\libgcc.a(divsf3.o)
 *(.rodata*)
 .rodata.ascii_1206
                0x08008638      0x474 CMakeFiles/TurtleADF4351.dir/Drivers/bsp/lcd/lcd.c.obj
                0x08008638                ascii_1206
 .rodata.ascii_1608
                0x08008aac      0x5f0 CMakeFiles/TurtleADF4351.dir/Drivers/bsp/lcd/lcd.c.obj
                0x08008aac                ascii_1608
 .rodata.ascii_2412
                0x0800909c     0x11d0 CMakeFiles/TurtleADF4351.dir/Drivers/bsp/lcd/lcd.c.obj
                0x0800909c                ascii_2412
 .rodata.ascii_3216
                0x0800a26c     0x17c0 CMakeFiles/TurtleADF4351.dir/Drivers/bsp/lcd/lcd.c.obj
                0x0800a26c                ascii_3216
 .rodata.HAL_TIM_PWM_ConfigChannel
                0x0800ba2c       0x54 CMakeFiles/TurtleADF4351.dir/Drivers/STM32G0xx_HAL_Driver/Src/stm32g0xx_hal_tim.c.obj
 .rodata.UARTPrescTable
                0x0800ba80       0x18 CMakeFiles/TurtleADF4351.dir/Drivers/STM32G0xx_HAL_Driver/Src/stm32g0xx_hal_uart.c.obj
                0x0800ba80                UARTPrescTable
 .rodata.numerator.1
                0x0800ba98        0x8 CMakeFiles/TurtleADF4351.dir/Drivers/STM32G0xx_HAL_Driver/Src/stm32g0xx_hal_uart_ex.c.obj
 .rodata.denominator.0
                0x0800baa0        0x8 CMakeFiles/TurtleADF4351.dir/Drivers/STM32G0xx_HAL_Driver/Src/stm32g0xx_hal_uart_ex.c.obj
 .rodata.AHBPrescTable
                0x0800baa8       0x40 CMakeFiles/TurtleADF4351.dir/Core/Src/system_stm32g0xx.c.obj
                0x0800baa8                AHBPrescTable
 .rodata.APBPrescTable
                0x0800bae8       0x20 CMakeFiles/TurtleADF4351.dir/Core/Src/system_stm32g0xx.c.obj
                0x0800bae8                APBPrescTable
 .rodata._svfprintf_r.str1.1
                0x0800bb08       0x33 D:/Program Files/STMicroelectronics/STM32Cube/STM32CubeCLT_1.18.0/GNU-tools-for-STM32/bin/../lib/gcc/arm-none-eabi/13.3.1/../../../../arm-none-eabi/lib/thumb/v6-m/nofp\libg_nano.a(libc_a-nano-svfprintf.o)
                                 0x11 (size before relaxing)
 .rodata._printf_i.str1.1
                0x0800bb3b       0x22 D:/Program Files/STMicroelectronics/STM32Cube/STM32CubeCLT_1.18.0/GNU-tools-for-STM32/bin/../lib/gcc/arm-none-eabi/13.3.1/../../../../arm-none-eabi/lib/thumb/v6-m/nofp\libg_nano.a(libc_a-nano-vfprintf_i.o)
                0x0800bb60                        . = ALIGN (0x4)
 *fill*         0x0800bb3b        0x1 

.ARM.extab
 *(.ARM.extab* .gnu.linkonce.armextab.*)

.ARM            0x0800bb3c        0x8
                0x0800bb3c                        __exidx_start = .
 *(.ARM.exidx*)
 .ARM.exidx     0x0800bb3c        0x8 D:/Program Files/STMicroelectronics/STM32Cube/STM32CubeCLT_1.18.0/GNU-tools-for-STM32/bin/../lib/gcc/arm-none-eabi/13.3.1/thumb/v6-m/nofp\libgcc.a(_udivmoddi4.o)
                0x0800bb44                        __exidx_end = .

.rel.dyn        0x0800bb44        0x0
 .rel.iplt      0x0800bb44        0x0 D:/Program Files/STMicroelectronics/STM32Cube/STM32CubeCLT_1.18.0/GNU-tools-for-STM32/bin/../lib/gcc/arm-none-eabi/13.3.1/thumb/v6-m/nofp/crtbegin.o

.preinit_array  0x0800bb44        0x0
                0x0800bb44                        PROVIDE (__preinit_array_start = .)
 *(.preinit_array*)
                0x0800bb44                        PROVIDE (__preinit_array_end = .)

.init_array     0x0800bb44        0x4
                0x0800bb44                        PROVIDE (__init_array_start = .)
 *(SORT_BY_NAME(.init_array.*))
 *(.init_array*)
 .init_array    0x0800bb44        0x4 D:/Program Files/STMicroelectronics/STM32Cube/STM32CubeCLT_1.18.0/GNU-tools-for-STM32/bin/../lib/gcc/arm-none-eabi/13.3.1/thumb/v6-m/nofp/crtbegin.o
                0x0800bb48                        PROVIDE (__init_array_end = .)

.fini_array     0x0800bb48        0x4
                [!provide]                        PROVIDE (__fini_array_start = .)
 *(SORT_BY_NAME(.fini_array.*))
 *(.fini_array*)
 .fini_array    0x0800bb48        0x4 D:/Program Files/STMicroelectronics/STM32Cube/STM32CubeCLT_1.18.0/GNU-tools-for-STM32/bin/../lib/gcc/arm-none-eabi/13.3.1/thumb/v6-m/nofp/crtbegin.o
                [!provide]                        PROVIDE (__fini_array_end = .)
                0x0800bb4c                        _sidata = LOADADDR (.data)

.data           0x20000000      0x204 load address 0x0800bb4c
                0x20000000                        . = ALIGN (0x4)
                0x20000000                        _sdata = .
 *(.data)
 *(.data*)
 .data._impure_ptr
                0x20000000        0x4 D:/Program Files/STMicroelectronics/STM32Cube/STM32CubeCLT_1.18.0/GNU-tools-for-STM32/bin/../lib/gcc/arm-none-eabi/13.3.1/../../../../arm-none-eabi/lib/thumb/v6-m/nofp\libc_nano.a(libc_a-impure.o)
                0x20000000                _impure_ptr
 .data._impure_data
                0x20000004       0x4c D:/Program Files/STMicroelectronics/STM32Cube/STM32CubeCLT_1.18.0/GNU-tools-for-STM32/bin/../lib/gcc/arm-none-eabi/13.3.1/../../../../arm-none-eabi/lib/thumb/v6-m/nofp\libc_nano.a(libc_a-impure.o)
                0x20000004                _impure_data
 .data.default_settings
                0x20000050       0x16 CMakeFiles/TurtleADF4351.dir/Drivers/bsp/adf4351/adf4351.c.obj
 .data.rf_div   0x20000066        0x1 CMakeFiles/TurtleADF4351.dir/Drivers/bsp/adf4351/adf4351.c.obj
                0x20000066                rf_div
 *fill*         0x20000067        0x1 
 .data.Main_table
                0x20000068       0x64 CMakeFiles/TurtleADF4351.dir/App/Menu/menu.c.obj
                0x20000068                Main_table
 .data.PLL_table
                0x200000cc       0x64 CMakeFiles/TurtleADF4351.dir/App/Menu/menu.c.obj
                0x200000cc                PLL_table
 .data.Sys_table
                0x20000130       0x64 CMakeFiles/TurtleADF4351.dir/App/Menu/menu.c.obj
                0x20000130                Sys_table
 .data.Dev_table
                0x20000194       0x64 CMakeFiles/TurtleADF4351.dir/App/Menu/menu.c.obj
                0x20000194                Dev_table
 .data.uwTickPrio
                0x200001f8        0x4 CMakeFiles/TurtleADF4351.dir/Drivers/STM32G0xx_HAL_Driver/Src/stm32g0xx_hal.c.obj
                0x200001f8                uwTickPrio
 .data.uwTickFreq
                0x200001fc        0x1 CMakeFiles/TurtleADF4351.dir/Drivers/STM32G0xx_HAL_Driver/Src/stm32g0xx_hal.c.obj
                0x200001fc                uwTickFreq
 *fill*         0x200001fd        0x3 
 .data.SystemCoreClock
                0x20000200        0x4 CMakeFiles/TurtleADF4351.dir/Core/Src/system_stm32g0xx.c.obj
                0x20000200                SystemCoreClock
                0x20000204                        . = ALIGN (0x4)
                0x20000204                        _edata = .

.igot.plt       0x20000204        0x0 load address 0x0800bd50
 .igot.plt      0x20000204        0x0 D:/Program Files/STMicroelectronics/STM32Cube/STM32CubeCLT_1.18.0/GNU-tools-for-STM32/bin/../lib/gcc/arm-none-eabi/13.3.1/thumb/v6-m/nofp/crtbegin.o
                0x20000204                        . = ALIGN (0x4)

.bss            0x20000208      0x50c load address 0x0800bd50
                0x20000208                        _sbss = .
                0x20000208                        __bss_start__ = _sbss
 *(.bss)
 .bss           0x20000208       0x1c D:/Program Files/STMicroelectronics/STM32Cube/STM32CubeCLT_1.18.0/GNU-tools-for-STM32/bin/../lib/gcc/arm-none-eabi/13.3.1/thumb/v6-m/nofp/crtbegin.o
 *(.bss*)
 .bss.__sf      0x20000224      0x138 D:/Program Files/STMicroelectronics/STM32Cube/STM32CubeCLT_1.18.0/GNU-tools-for-STM32/bin/../lib/gcc/arm-none-eabi/13.3.1/../../../../arm-none-eabi/lib/thumb/v6-m/nofp\libc_nano.a(libc_a-findfp.o)
                0x20000224                __sf
 .bss.errno     0x2000035c        0x4 D:/Program Files/STMicroelectronics/STM32Cube/STM32CubeCLT_1.18.0/GNU-tools-for-STM32/bin/../lib/gcc/arm-none-eabi/13.3.1/../../../../arm-none-eabi/lib/thumb/v6-m/nofp\libc_nano.a(libc_a-reent.o)
                0x2000035c                errno
 .bss.__lock___malloc_recursive_mutex
                0x20000360        0x1 D:/Program Files/STMicroelectronics/STM32Cube/STM32CubeCLT_1.18.0/GNU-tools-for-STM32/bin/../lib/gcc/arm-none-eabi/13.3.1/../../../../arm-none-eabi/lib/thumb/v6-m/nofp\libc_nano.a(libc_a-lock.o)
                0x20000360                __lock___malloc_recursive_mutex
 *fill*         0x20000361        0x3 
 .bss.__malloc_sbrk_start
                0x20000364        0x4 D:/Program Files/STMicroelectronics/STM32Cube/STM32CubeCLT_1.18.0/GNU-tools-for-STM32/bin/../lib/gcc/arm-none-eabi/13.3.1/../../../../arm-none-eabi/lib/thumb/v6-m/nofp\libc_nano.a(libc_a-mallocr.o)
                0x20000364                __malloc_sbrk_start
 .bss.__malloc_free_list
                0x20000368        0x4 D:/Program Files/STMicroelectronics/STM32Cube/STM32CubeCLT_1.18.0/GNU-tools-for-STM32/bin/../lib/gcc/arm-none-eabi/13.3.1/../../../../arm-none-eabi/lib/thumb/v6-m/nofp\libc_nano.a(libc_a-mallocr.o)
                0x20000368                __malloc_free_list
 .bss.button_list_head
                0x2000036c        0x4 CMakeFiles/TurtleADF4351.dir/Drivers/bsp/button/embedded_button.c.obj
 .bss.fac_us    0x20000370        0x1 CMakeFiles/TurtleADF4351.dir/Drivers/bsp/delay/delay.c.obj
 *fill*         0x20000371        0x1 
 .bss.fac_ms    0x20000372        0x2 CMakeFiles/TurtleADF4351.dir/Drivers/bsp/delay/delay.c.obj
 *fill*         0x20000374        0x4 
 .bss.myADF4351
                0x20000378       0x48 CMakeFiles/TurtleADF4351.dir/Drivers/bsp/adf4351/adf4351.c.obj
                0x20000378                myADF4351
 .bss.myADF4351_settings
                0x200003c0       0x16 CMakeFiles/TurtleADF4351.dir/Drivers/bsp/adf4351/adf4351.c.obj
                0x200003c0                myADF4351_settings
 .bss.selflag   0x200003d6        0x1 CMakeFiles/TurtleADF4351.dir/App/Menu/menu.c.obj
 .bss.menu_id   0x200003d7        0x1 CMakeFiles/TurtleADF4351.dir/App/Menu/menu.c.obj
 .bss.text      0x200003d8       0x14 CMakeFiles/TurtleADF4351.dir/App/Menu/menu.c.obj
                0x200003d8                text
 .bss.ecbt      0x200003ec       0x1c CMakeFiles/TurtleADF4351.dir/Core/Src/main.c.obj
                0x200003ec                ecbt
 .bss.btn1_event_val
                0x20000408        0x1 CMakeFiles/TurtleADF4351.dir/Core/Src/main.c.obj
 *fill*         0x20000409        0x3 
 .bss.ecop_val  0x2000040c        0x2 CMakeFiles/TurtleADF4351.dir/Core/Src/main.c.obj
 .bss.ec_cnt    0x2000040e        0x2 CMakeFiles/TurtleADF4351.dir/Core/Src/main.c.obj
                0x2000040e                ec_cnt
 .bss.ec_dcnt   0x20000410        0x2 CMakeFiles/TurtleADF4351.dir/Core/Src/main.c.obj
                0x20000410                ec_dcnt
 *fill*         0x20000412        0x2 
 .bss.hspi1     0x20000414       0x64 CMakeFiles/TurtleADF4351.dir/Core/Src/spi.c.obj
                0x20000414                hspi1
 .bss.hspi2     0x20000478       0x64 CMakeFiles/TurtleADF4351.dir/Core/Src/spi.c.obj
                0x20000478                hspi2
 .bss.hdma_spi1_tx
                0x200004dc       0x5c CMakeFiles/TurtleADF4351.dir/Core/Src/spi.c.obj
                0x200004dc                hdma_spi1_tx
 .bss.hdma_spi2_tx
                0x20000538       0x5c CMakeFiles/TurtleADF4351.dir/Core/Src/spi.c.obj
                0x20000538                hdma_spi2_tx
 .bss.htim1     0x20000594       0x4c CMakeFiles/TurtleADF4351.dir/Core/Src/tim.c.obj
                0x20000594                htim1
 .bss.htim3     0x200005e0       0x4c CMakeFiles/TurtleADF4351.dir/Core/Src/tim.c.obj
                0x200005e0                htim3
 .bss.htim17    0x2000062c       0x4c CMakeFiles/TurtleADF4351.dir/Core/Src/tim.c.obj
                0x2000062c                htim17
 .bss.huart1    0x20000678       0x94 CMakeFiles/TurtleADF4351.dir/Core/Src/usart.c.obj
                0x20000678                huart1
 .bss.uwTick    0x2000070c        0x4 CMakeFiles/TurtleADF4351.dir/Drivers/STM32G0xx_HAL_Driver/Src/stm32g0xx_hal.c.obj
                0x2000070c                uwTick
 .bss.__sbrk_heap_end
                0x20000710        0x4 CMakeFiles/TurtleADF4351.dir/Core/Src/sysmem.c.obj
 *(COMMON)
                0x20000714                        . = ALIGN (0x4)
                0x20000714                        _ebss = .
                0x20000714                        __bss_end__ = _ebss

._user_heap_stack
                0x20000714      0x604 load address 0x0800bd50
                0x20000718                        . = ALIGN (0x8)
 *fill*         0x20000714        0x4 
                [!provide]                        PROVIDE (end = .)
                0x20000718                        PROVIDE (_end = .)
                0x20000918                        . = (. + _Min_Heap_Size)
 *fill*         0x20000718      0x200 
                0x20000d18                        . = (. + _Min_Stack_Size)
 *fill*         0x20000918      0x400 
                0x20000d18                        . = ALIGN (0x8)

/DISCARD/
 libc.a(*)
 libm.a(*)
 libgcc.a(*)
OUTPUT(TurtleADF4351.elf elf32-littlearm)
LOAD linker stubs
LOAD D:/Program Files/STMicroelectronics/STM32Cube/STM32CubeCLT_1.18.0/GNU-tools-for-STM32/bin/../lib/gcc/arm-none-eabi/13.3.1/../../../../arm-none-eabi/lib/thumb/v6-m/nofp\libc.a
LOAD D:/Program Files/STMicroelectronics/STM32Cube/STM32CubeCLT_1.18.0/GNU-tools-for-STM32/bin/../lib/gcc/arm-none-eabi/13.3.1/../../../../arm-none-eabi/lib/thumb/v6-m/nofp\libm.a
LOAD D:/Program Files/STMicroelectronics/STM32Cube/STM32CubeCLT_1.18.0/GNU-tools-for-STM32/bin/../lib/gcc/arm-none-eabi/13.3.1/thumb/v6-m/nofp\libgcc.a

.ARM.attributes
                0x00000000       0x28
 .ARM.attributes
                0x00000000       0x1e D:/Program Files/STMicroelectronics/STM32Cube/STM32CubeCLT_1.18.0/GNU-tools-for-STM32/bin/../lib/gcc/arm-none-eabi/13.3.1/thumb/v6-m/nofp/crti.o
 .ARM.attributes
                0x0000001e       0x2c D:/Program Files/STMicroelectronics/STM32Cube/STM32CubeCLT_1.18.0/GNU-tools-for-STM32/bin/../lib/gcc/arm-none-eabi/13.3.1/thumb/v6-m/nofp/crtbegin.o
 .ARM.attributes
                0x0000004a       0x2c D:/Program Files/STMicroelectronics/STM32Cube/STM32CubeCLT_1.18.0/GNU-tools-for-STM32/bin/../lib/gcc/arm-none-eabi/13.3.1/../../../../arm-none-eabi/lib/thumb/v6-m/nofp\libc_nano.a(libc_a-findfp.o)
 .ARM.attributes
                0x00000076       0x2c D:/Program Files/STMicroelectronics/STM32Cube/STM32CubeCLT_1.18.0/GNU-tools-for-STM32/bin/../lib/gcc/arm-none-eabi/13.3.1/../../../../arm-none-eabi/lib/thumb/v6-m/nofp\libc_nano.a(libc_a-memset.o)
 .ARM.attributes
                0x000000a2       0x2c D:/Program Files/STMicroelectronics/STM32Cube/STM32CubeCLT_1.18.0/GNU-tools-for-STM32/bin/../lib/gcc/arm-none-eabi/13.3.1/../../../../arm-none-eabi/lib/thumb/v6-m/nofp\libc_nano.a(libc_a-reent.o)
 .ARM.attributes
                0x000000ce       0x2c D:/Program Files/STMicroelectronics/STM32Cube/STM32CubeCLT_1.18.0/GNU-tools-for-STM32/bin/../lib/gcc/arm-none-eabi/13.3.1/../../../../arm-none-eabi/lib/thumb/v6-m/nofp\libc_nano.a(libc_a-impure.o)
 .ARM.attributes
                0x000000fa       0x2c D:/Program Files/STMicroelectronics/STM32Cube/STM32CubeCLT_1.18.0/GNU-tools-for-STM32/bin/../lib/gcc/arm-none-eabi/13.3.1/../../../../arm-none-eabi/lib/thumb/v6-m/nofp\libc_nano.a(libc_a-init.o)
 .ARM.attributes
                0x00000126       0x2c D:/Program Files/STMicroelectronics/STM32Cube/STM32CubeCLT_1.18.0/GNU-tools-for-STM32/bin/../lib/gcc/arm-none-eabi/13.3.1/../../../../arm-none-eabi/lib/thumb/v6-m/nofp\libc_nano.a(libc_a-lock.o)
 .ARM.attributes
                0x00000152       0x2c D:/Program Files/STMicroelectronics/STM32Cube/STM32CubeCLT_1.18.0/GNU-tools-for-STM32/bin/../lib/gcc/arm-none-eabi/13.3.1/../../../../arm-none-eabi/lib/thumb/v6-m/nofp\libc_nano.a(libc_a-freer.o)
 .ARM.attributes
                0x0000017e       0x2c D:/Program Files/STMicroelectronics/STM32Cube/STM32CubeCLT_1.18.0/GNU-tools-for-STM32/bin/../lib/gcc/arm-none-eabi/13.3.1/../../../../arm-none-eabi/lib/thumb/v6-m/nofp\libc_nano.a(libc_a-mallocr.o)
 .ARM.attributes
                0x000001aa       0x2c D:/Program Files/STMicroelectronics/STM32Cube/STM32CubeCLT_1.18.0/GNU-tools-for-STM32/bin/../lib/gcc/arm-none-eabi/13.3.1/../../../../arm-none-eabi/lib/thumb/v6-m/nofp\libc_nano.a(libc_a-mlock.o)
 .ARM.attributes
                0x000001d6       0x2c D:/Program Files/STMicroelectronics/STM32Cube/STM32CubeCLT_1.18.0/GNU-tools-for-STM32/bin/../lib/gcc/arm-none-eabi/13.3.1/../../../../arm-none-eabi/lib/thumb/v6-m/nofp\libc_nano.a(libc_a-sbrkr.o)
 .ARM.attributes
                0x00000202       0x2c CMakeFiles/TurtleADF4351.dir/Drivers/bsp/button/embedded_button.c.obj
 .ARM.attributes
                0x0000022e       0x2c CMakeFiles/TurtleADF4351.dir/Drivers/bsp/button/ec_button.c.obj
 .ARM.attributes
                0x0000025a       0x2c CMakeFiles/TurtleADF4351.dir/Drivers/bsp/delay/delay.c.obj
 .ARM.attributes
                0x00000286       0x2c CMakeFiles/TurtleADF4351.dir/Drivers/bsp/lcd/lcd.c.obj
 .ARM.attributes
                0x000002b2       0x2c CMakeFiles/TurtleADF4351.dir/Drivers/bsp/adf4351/adf4351.c.obj
 .ARM.attributes
                0x000002de       0x2c CMakeFiles/TurtleADF4351.dir/App/Menu/menu.c.obj
 .ARM.attributes
                0x0000030a       0x2c CMakeFiles/TurtleADF4351.dir/Core/Src/main.c.obj
 .ARM.attributes
                0x00000336       0x2c CMakeFiles/TurtleADF4351.dir/Core/Src/gpio.c.obj
 .ARM.attributes
                0x00000362       0x2c CMakeFiles/TurtleADF4351.dir/Core/Src/dma.c.obj
 .ARM.attributes
                0x0000038e       0x2c CMakeFiles/TurtleADF4351.dir/Core/Src/spi.c.obj
 .ARM.attributes
                0x000003ba       0x2c CMakeFiles/TurtleADF4351.dir/Core/Src/tim.c.obj
 .ARM.attributes
                0x000003e6       0x2c CMakeFiles/TurtleADF4351.dir/Core/Src/usart.c.obj
 .ARM.attributes
                0x00000412       0x2c CMakeFiles/TurtleADF4351.dir/Core/Src/stm32g0xx_it.c.obj
 .ARM.attributes
                0x0000043e       0x2c CMakeFiles/TurtleADF4351.dir/Core/Src/stm32g0xx_hal_msp.c.obj
 .ARM.attributes
                0x0000046a       0x2c CMakeFiles/TurtleADF4351.dir/Drivers/STM32G0xx_HAL_Driver/Src/stm32g0xx_hal_spi.c.obj
 .ARM.attributes
                0x00000496       0x2c CMakeFiles/TurtleADF4351.dir/Drivers/STM32G0xx_HAL_Driver/Src/stm32g0xx_hal_rcc.c.obj
 .ARM.attributes
                0x000004c2       0x2c CMakeFiles/TurtleADF4351.dir/Drivers/STM32G0xx_HAL_Driver/Src/stm32g0xx_hal_rcc_ex.c.obj
 .ARM.attributes
                0x000004ee       0x2c CMakeFiles/TurtleADF4351.dir/Drivers/STM32G0xx_HAL_Driver/Src/stm32g0xx_hal_gpio.c.obj
 .ARM.attributes
                0x0000051a       0x2c CMakeFiles/TurtleADF4351.dir/Drivers/STM32G0xx_HAL_Driver/Src/stm32g0xx_hal_dma.c.obj
 .ARM.attributes
                0x00000546       0x2c CMakeFiles/TurtleADF4351.dir/Drivers/STM32G0xx_HAL_Driver/Src/stm32g0xx_hal_pwr_ex.c.obj
 .ARM.attributes
                0x00000572       0x2c CMakeFiles/TurtleADF4351.dir/Drivers/STM32G0xx_HAL_Driver/Src/stm32g0xx_hal_cortex.c.obj
 .ARM.attributes
                0x0000059e       0x2c CMakeFiles/TurtleADF4351.dir/Drivers/STM32G0xx_HAL_Driver/Src/stm32g0xx_hal.c.obj
 .ARM.attributes
                0x000005ca       0x2c CMakeFiles/TurtleADF4351.dir/Drivers/STM32G0xx_HAL_Driver/Src/stm32g0xx_hal_tim.c.obj
 .ARM.attributes
                0x000005f6       0x2c CMakeFiles/TurtleADF4351.dir/Drivers/STM32G0xx_HAL_Driver/Src/stm32g0xx_hal_tim_ex.c.obj
 .ARM.attributes
                0x00000622       0x2c CMakeFiles/TurtleADF4351.dir/Drivers/STM32G0xx_HAL_Driver/Src/stm32g0xx_hal_uart.c.obj
 .ARM.attributes
                0x0000064e       0x2c CMakeFiles/TurtleADF4351.dir/Drivers/STM32G0xx_HAL_Driver/Src/stm32g0xx_hal_uart_ex.c.obj
 .ARM.attributes
                0x0000067a       0x2c CMakeFiles/TurtleADF4351.dir/Core/Src/system_stm32g0xx.c.obj
 .ARM.attributes
                0x000006a6       0x2c CMakeFiles/TurtleADF4351.dir/Core/Src/sysmem.c.obj
 .ARM.attributes
                0x000006d2       0x22 CMakeFiles/TurtleADF4351.dir/startup_stm32g030xx.s.obj
 .ARM.attributes
                0x000006f4       0x1e D:/Program Files/STMicroelectronics/STM32Cube/STM32CubeCLT_1.18.0/GNU-tools-for-STM32/bin/../lib/gcc/arm-none-eabi/13.3.1/thumb/v6-m/nofp\libgcc.a(_udivsi3.o)
 .ARM.attributes
                0x00000712       0x1e D:/Program Files/STMicroelectronics/STM32Cube/STM32CubeCLT_1.18.0/GNU-tools-for-STM32/bin/../lib/gcc/arm-none-eabi/13.3.1/thumb/v6-m/nofp\libgcc.a(_divsi3.o)
 .ARM.attributes
                0x00000730       0x1e D:/Program Files/STMicroelectronics/STM32Cube/STM32CubeCLT_1.18.0/GNU-tools-for-STM32/bin/../lib/gcc/arm-none-eabi/13.3.1/thumb/v6-m/nofp\libgcc.a(_dvmd_tls.o)
 .ARM.attributes
                0x0000074e       0x1e D:/Program Files/STMicroelectronics/STM32Cube/STM32CubeCLT_1.18.0/GNU-tools-for-STM32/bin/../lib/gcc/arm-none-eabi/13.3.1/thumb/v6-m/nofp\libgcc.a(_aeabi_uldivmod.o)
 .ARM.attributes
                0x0000076c       0x2c D:/Program Files/STMicroelectronics/STM32Cube/STM32CubeCLT_1.18.0/GNU-tools-for-STM32/bin/../lib/gcc/arm-none-eabi/13.3.1/thumb/v6-m/nofp\libgcc.a(_muldi3.o)
 .ARM.attributes
                0x00000798       0x2c D:/Program Files/STMicroelectronics/STM32Cube/STM32CubeCLT_1.18.0/GNU-tools-for-STM32/bin/../lib/gcc/arm-none-eabi/13.3.1/thumb/v6-m/nofp\libgcc.a(_floatundisf.o)
 .ARM.attributes
                0x000007c4       0x2c D:/Program Files/STMicroelectronics/STM32Cube/STM32CubeCLT_1.18.0/GNU-tools-for-STM32/bin/../lib/gcc/arm-none-eabi/13.3.1/thumb/v6-m/nofp\libgcc.a(_udivmoddi4.o)
 .ARM.attributes
                0x000007f0       0x2c D:/Program Files/STMicroelectronics/STM32Cube/STM32CubeCLT_1.18.0/GNU-tools-for-STM32/bin/../lib/gcc/arm-none-eabi/13.3.1/thumb/v6-m/nofp\libgcc.a(divsf3.o)
 .ARM.attributes
                0x0000081c       0x2c D:/Program Files/STMicroelectronics/STM32Cube/STM32CubeCLT_1.18.0/GNU-tools-for-STM32/bin/../lib/gcc/arm-none-eabi/13.3.1/thumb/v6-m/nofp\libgcc.a(fixsfsi.o)
 .ARM.attributes
                0x00000848       0x2c D:/Program Files/STMicroelectronics/STM32Cube/STM32CubeCLT_1.18.0/GNU-tools-for-STM32/bin/../lib/gcc/arm-none-eabi/13.3.1/thumb/v6-m/nofp\libgcc.a(adddf3.o)
 .ARM.attributes
                0x00000874       0x2c D:/Program Files/STMicroelectronics/STM32Cube/STM32CubeCLT_1.18.0/GNU-tools-for-STM32/bin/../lib/gcc/arm-none-eabi/13.3.1/thumb/v6-m/nofp\libgcc.a(muldf3.o)
 .ARM.attributes
                0x000008a0       0x2c D:/Program Files/STMicroelectronics/STM32Cube/STM32CubeCLT_1.18.0/GNU-tools-for-STM32/bin/../lib/gcc/arm-none-eabi/13.3.1/thumb/v6-m/nofp\libgcc.a(floatunsidf.o)
 .ARM.attributes
                0x000008cc       0x2c D:/Program Files/STMicroelectronics/STM32Cube/STM32CubeCLT_1.18.0/GNU-tools-for-STM32/bin/../lib/gcc/arm-none-eabi/13.3.1/thumb/v6-m/nofp\libgcc.a(truncdfsf2.o)
 .ARM.attributes
                0x000008f8       0x1e D:/Program Files/STMicroelectronics/STM32Cube/STM32CubeCLT_1.18.0/GNU-tools-for-STM32/bin/../lib/gcc/arm-none-eabi/13.3.1/thumb/v6-m/nofp\libgcc.a(_clzsi2.o)
 .ARM.attributes
                0x00000916       0x1e D:/Program Files/STMicroelectronics/STM32Cube/STM32CubeCLT_1.18.0/GNU-tools-for-STM32/bin/../lib/gcc/arm-none-eabi/13.3.1/thumb/v6-m/nofp\libgcc.a(_clzdi2.o)
 .ARM.attributes
                0x00000934       0x2c D:/Program Files/STMicroelectronics/STM32Cube/STM32CubeCLT_1.18.0/GNU-tools-for-STM32/bin/../lib/gcc/arm-none-eabi/13.3.1/../../../../arm-none-eabi/lib/thumb/v6-m/nofp\libg_nano.a(libc_a-sprintf.o)
 .ARM.attributes
                0x00000960       0x2c D:/Program Files/STMicroelectronics/STM32Cube/STM32CubeCLT_1.18.0/GNU-tools-for-STM32/bin/../lib/gcc/arm-none-eabi/13.3.1/../../../../arm-none-eabi/lib/thumb/v6-m/nofp\libg_nano.a(libc_a-errno.o)
 .ARM.attributes
                0x0000098c       0x2c D:/Program Files/STMicroelectronics/STM32Cube/STM32CubeCLT_1.18.0/GNU-tools-for-STM32/bin/../lib/gcc/arm-none-eabi/13.3.1/../../../../arm-none-eabi/lib/thumb/v6-m/nofp\libg_nano.a(libc_a-memcpy-stub.o)
 .ARM.attributes
                0x000009b8       0x2c D:/Program Files/STMicroelectronics/STM32Cube/STM32CubeCLT_1.18.0/GNU-tools-for-STM32/bin/../lib/gcc/arm-none-eabi/13.3.1/../../../../arm-none-eabi/lib/thumb/v6-m/nofp\libg_nano.a(libc_a-nano-svfprintf.o)
 .ARM.attributes
                0x000009e4       0x2c D:/Program Files/STMicroelectronics/STM32Cube/STM32CubeCLT_1.18.0/GNU-tools-for-STM32/bin/../lib/gcc/arm-none-eabi/13.3.1/../../../../arm-none-eabi/lib/thumb/v6-m/nofp\libg_nano.a(libc_a-nano-vfprintf_i.o)
 .ARM.attributes
                0x00000a10       0x2c D:/Program Files/STMicroelectronics/STM32Cube/STM32CubeCLT_1.18.0/GNU-tools-for-STM32/bin/../lib/gcc/arm-none-eabi/13.3.1/../../../../arm-none-eabi/lib/thumb/v6-m/nofp\libg_nano.a(libc_a-memmove.o)
 .ARM.attributes
                0x00000a3c       0x2c D:/Program Files/STMicroelectronics/STM32Cube/STM32CubeCLT_1.18.0/GNU-tools-for-STM32/bin/../lib/gcc/arm-none-eabi/13.3.1/../../../../arm-none-eabi/lib/thumb/v6-m/nofp\libg_nano.a(libc_a-memchr-stub.o)
 .ARM.attributes
                0x00000a68       0x2c D:/Program Files/STMicroelectronics/STM32Cube/STM32CubeCLT_1.18.0/GNU-tools-for-STM32/bin/../lib/gcc/arm-none-eabi/13.3.1/../../../../arm-none-eabi/lib/thumb/v6-m/nofp\libg_nano.a(libc_a-reallocr.o)
 .ARM.attributes
                0x00000a94       0x2c D:/Program Files/STMicroelectronics/STM32Cube/STM32CubeCLT_1.18.0/GNU-tools-for-STM32/bin/../lib/gcc/arm-none-eabi/13.3.1/../../../../arm-none-eabi/lib/thumb/v6-m/nofp\libg_nano.a(libc_a-msizer.o)
 .ARM.attributes
                0x00000ac0       0x1e D:/Program Files/STMicroelectronics/STM32Cube/STM32CubeCLT_1.18.0/GNU-tools-for-STM32/bin/../lib/gcc/arm-none-eabi/13.3.1/thumb/v6-m/nofp\libgcc.a(_thumb1_case_shi.o)
 .ARM.attributes
                0x00000ade       0x1e D:/Program Files/STMicroelectronics/STM32Cube/STM32CubeCLT_1.18.0/GNU-tools-for-STM32/bin/../lib/gcc/arm-none-eabi/13.3.1/thumb/v6-m/nofp/crtn.o

.comment        0x00000000       0x43
 .comment       0x00000000       0x43 CMakeFiles/TurtleADF4351.dir/Drivers/bsp/button/embedded_button.c.obj
                                 0x44 (size before relaxing)
 .comment       0x00000043       0x44 CMakeFiles/TurtleADF4351.dir/Drivers/bsp/button/ec_button.c.obj
 .comment       0x00000043       0x44 CMakeFiles/TurtleADF4351.dir/Drivers/bsp/delay/delay.c.obj
 .comment       0x00000043       0x44 CMakeFiles/TurtleADF4351.dir/Drivers/bsp/lcd/lcd.c.obj
 .comment       0x00000043       0x44 CMakeFiles/TurtleADF4351.dir/Drivers/bsp/adf4351/adf4351.c.obj
 .comment       0x00000043       0x44 CMakeFiles/TurtleADF4351.dir/App/Menu/menu.c.obj
 .comment       0x00000043       0x44 CMakeFiles/TurtleADF4351.dir/Core/Src/main.c.obj
 .comment       0x00000043       0x44 CMakeFiles/TurtleADF4351.dir/Core/Src/gpio.c.obj
 .comment       0x00000043       0x44 CMakeFiles/TurtleADF4351.dir/Core/Src/dma.c.obj
 .comment       0x00000043       0x44 CMakeFiles/TurtleADF4351.dir/Core/Src/spi.c.obj
 .comment       0x00000043       0x44 CMakeFiles/TurtleADF4351.dir/Core/Src/tim.c.obj
 .comment       0x00000043       0x44 CMakeFiles/TurtleADF4351.dir/Core/Src/usart.c.obj
 .comment       0x00000043       0x44 CMakeFiles/TurtleADF4351.dir/Core/Src/stm32g0xx_it.c.obj
 .comment       0x00000043       0x44 CMakeFiles/TurtleADF4351.dir/Core/Src/stm32g0xx_hal_msp.c.obj
 .comment       0x00000043       0x44 CMakeFiles/TurtleADF4351.dir/Drivers/STM32G0xx_HAL_Driver/Src/stm32g0xx_hal_spi.c.obj
 .comment       0x00000043       0x44 CMakeFiles/TurtleADF4351.dir/Drivers/STM32G0xx_HAL_Driver/Src/stm32g0xx_hal_rcc.c.obj
 .comment       0x00000043       0x44 CMakeFiles/TurtleADF4351.dir/Drivers/STM32G0xx_HAL_Driver/Src/stm32g0xx_hal_rcc_ex.c.obj
 .comment       0x00000043       0x44 CMakeFiles/TurtleADF4351.dir/Drivers/STM32G0xx_HAL_Driver/Src/stm32g0xx_hal_gpio.c.obj
 .comment       0x00000043       0x44 CMakeFiles/TurtleADF4351.dir/Drivers/STM32G0xx_HAL_Driver/Src/stm32g0xx_hal_dma.c.obj
 .comment       0x00000043       0x44 CMakeFiles/TurtleADF4351.dir/Drivers/STM32G0xx_HAL_Driver/Src/stm32g0xx_hal_pwr_ex.c.obj
 .comment       0x00000043       0x44 CMakeFiles/TurtleADF4351.dir/Drivers/STM32G0xx_HAL_Driver/Src/stm32g0xx_hal_cortex.c.obj
 .comment       0x00000043       0x44 CMakeFiles/TurtleADF4351.dir/Drivers/STM32G0xx_HAL_Driver/Src/stm32g0xx_hal.c.obj
 .comment       0x00000043       0x44 CMakeFiles/TurtleADF4351.dir/Drivers/STM32G0xx_HAL_Driver/Src/stm32g0xx_hal_tim.c.obj
 .comment       0x00000043       0x44 CMakeFiles/TurtleADF4351.dir/Drivers/STM32G0xx_HAL_Driver/Src/stm32g0xx_hal_tim_ex.c.obj
 .comment       0x00000043       0x44 CMakeFiles/TurtleADF4351.dir/Drivers/STM32G0xx_HAL_Driver/Src/stm32g0xx_hal_uart.c.obj
 .comment       0x00000043       0x44 CMakeFiles/TurtleADF4351.dir/Drivers/STM32G0xx_HAL_Driver/Src/stm32g0xx_hal_uart_ex.c.obj
 .comment       0x00000043       0x44 CMakeFiles/TurtleADF4351.dir/Core/Src/system_stm32g0xx.c.obj
 .comment       0x00000043       0x44 CMakeFiles/TurtleADF4351.dir/Core/Src/sysmem.c.obj
 .comment       0x00000043       0x44 D:/Program Files/STMicroelectronics/STM32Cube/STM32CubeCLT_1.18.0/GNU-tools-for-STM32/bin/../lib/gcc/arm-none-eabi/13.3.1/../../../../arm-none-eabi/lib/thumb/v6-m/nofp\libg_nano.a(libc_a-sprintf.o)
 .comment       0x00000043       0x44 D:/Program Files/STMicroelectronics/STM32Cube/STM32CubeCLT_1.18.0/GNU-tools-for-STM32/bin/../lib/gcc/arm-none-eabi/13.3.1/../../../../arm-none-eabi/lib/thumb/v6-m/nofp\libg_nano.a(libc_a-errno.o)
 .comment       0x00000043       0x44 D:/Program Files/STMicroelectronics/STM32Cube/STM32CubeCLT_1.18.0/GNU-tools-for-STM32/bin/../lib/gcc/arm-none-eabi/13.3.1/../../../../arm-none-eabi/lib/thumb/v6-m/nofp\libg_nano.a(libc_a-memcpy-stub.o)
 .comment       0x00000043       0x44 D:/Program Files/STMicroelectronics/STM32Cube/STM32CubeCLT_1.18.0/GNU-tools-for-STM32/bin/../lib/gcc/arm-none-eabi/13.3.1/../../../../arm-none-eabi/lib/thumb/v6-m/nofp\libg_nano.a(libc_a-nano-svfprintf.o)
 .comment       0x00000043       0x44 D:/Program Files/STMicroelectronics/STM32Cube/STM32CubeCLT_1.18.0/GNU-tools-for-STM32/bin/../lib/gcc/arm-none-eabi/13.3.1/../../../../arm-none-eabi/lib/thumb/v6-m/nofp\libg_nano.a(libc_a-nano-vfprintf_i.o)
 .comment       0x00000043       0x44 D:/Program Files/STMicroelectronics/STM32Cube/STM32CubeCLT_1.18.0/GNU-tools-for-STM32/bin/../lib/gcc/arm-none-eabi/13.3.1/../../../../arm-none-eabi/lib/thumb/v6-m/nofp\libg_nano.a(libc_a-memmove.o)
 .comment       0x00000043       0x44 D:/Program Files/STMicroelectronics/STM32Cube/STM32CubeCLT_1.18.0/GNU-tools-for-STM32/bin/../lib/gcc/arm-none-eabi/13.3.1/../../../../arm-none-eabi/lib/thumb/v6-m/nofp\libg_nano.a(libc_a-memchr-stub.o)
 .comment       0x00000043       0x44 D:/Program Files/STMicroelectronics/STM32Cube/STM32CubeCLT_1.18.0/GNU-tools-for-STM32/bin/../lib/gcc/arm-none-eabi/13.3.1/../../../../arm-none-eabi/lib/thumb/v6-m/nofp\libg_nano.a(libc_a-reallocr.o)
 .comment       0x00000043       0x44 D:/Program Files/STMicroelectronics/STM32Cube/STM32CubeCLT_1.18.0/GNU-tools-for-STM32/bin/../lib/gcc/arm-none-eabi/13.3.1/../../../../arm-none-eabi/lib/thumb/v6-m/nofp\libg_nano.a(libc_a-msizer.o)

.debug_frame    0x00000000     0x48d8
 .debug_frame   0x00000000      0x138 D:/Program Files/STMicroelectronics/STM32Cube/STM32CubeCLT_1.18.0/GNU-tools-for-STM32/bin/../lib/gcc/arm-none-eabi/13.3.1/../../../../arm-none-eabi/lib/thumb/v6-m/nofp\libc_nano.a(libc_a-findfp.o)
 .debug_frame   0x00000138       0x20 D:/Program Files/STMicroelectronics/STM32Cube/STM32CubeCLT_1.18.0/GNU-tools-for-STM32/bin/../lib/gcc/arm-none-eabi/13.3.1/../../../../arm-none-eabi/lib/thumb/v6-m/nofp\libc_nano.a(libc_a-memset.o)
 .debug_frame   0x00000158       0x2c D:/Program Files/STMicroelectronics/STM32Cube/STM32CubeCLT_1.18.0/GNU-tools-for-STM32/bin/../lib/gcc/arm-none-eabi/13.3.1/../../../../arm-none-eabi/lib/thumb/v6-m/nofp\libc_nano.a(libc_a-reent.o)
 .debug_frame   0x00000184       0x2c D:/Program Files/STMicroelectronics/STM32Cube/STM32CubeCLT_1.18.0/GNU-tools-for-STM32/bin/../lib/gcc/arm-none-eabi/13.3.1/../../../../arm-none-eabi/lib/thumb/v6-m/nofp\libc_nano.a(libc_a-init.o)
 .debug_frame   0x000001b0       0xb0 D:/Program Files/STMicroelectronics/STM32Cube/STM32CubeCLT_1.18.0/GNU-tools-for-STM32/bin/../lib/gcc/arm-none-eabi/13.3.1/../../../../arm-none-eabi/lib/thumb/v6-m/nofp\libc_nano.a(libc_a-lock.o)
 .debug_frame   0x00000260       0x2c D:/Program Files/STMicroelectronics/STM32Cube/STM32CubeCLT_1.18.0/GNU-tools-for-STM32/bin/../lib/gcc/arm-none-eabi/13.3.1/../../../../arm-none-eabi/lib/thumb/v6-m/nofp\libc_nano.a(libc_a-freer.o)
 .debug_frame   0x0000028c       0x50 D:/Program Files/STMicroelectronics/STM32Cube/STM32CubeCLT_1.18.0/GNU-tools-for-STM32/bin/../lib/gcc/arm-none-eabi/13.3.1/../../../../arm-none-eabi/lib/thumb/v6-m/nofp\libc_nano.a(libc_a-mallocr.o)
 .debug_frame   0x000002dc       0x40 D:/Program Files/STMicroelectronics/STM32Cube/STM32CubeCLT_1.18.0/GNU-tools-for-STM32/bin/../lib/gcc/arm-none-eabi/13.3.1/../../../../arm-none-eabi/lib/thumb/v6-m/nofp\libc_nano.a(libc_a-mlock.o)
 .debug_frame   0x0000031c       0x2c D:/Program Files/STMicroelectronics/STM32Cube/STM32CubeCLT_1.18.0/GNU-tools-for-STM32/bin/../lib/gcc/arm-none-eabi/13.3.1/../../../../arm-none-eabi/lib/thumb/v6-m/nofp\libc_nano.a(libc_a-sbrkr.o)
 .debug_frame   0x00000348      0x130 CMakeFiles/TurtleADF4351.dir/Drivers/bsp/button/embedded_button.c.obj
 .debug_frame   0x00000478       0x30 CMakeFiles/TurtleADF4351.dir/Drivers/bsp/button/ec_button.c.obj
 .debug_frame   0x000004a8       0x90 CMakeFiles/TurtleADF4351.dir/Drivers/bsp/delay/delay.c.obj
 .debug_frame   0x00000538      0x344 CMakeFiles/TurtleADF4351.dir/Drivers/bsp/lcd/lcd.c.obj
 .debug_frame   0x0000087c       0xf8 CMakeFiles/TurtleADF4351.dir/Drivers/bsp/adf4351/adf4351.c.obj
 .debug_frame   0x00000974       0x8c CMakeFiles/TurtleADF4351.dir/App/Menu/menu.c.obj
 .debug_frame   0x00000a00       0x8c CMakeFiles/TurtleADF4351.dir/Core/Src/main.c.obj
 .debug_frame   0x00000a8c       0x30 CMakeFiles/TurtleADF4351.dir/Core/Src/gpio.c.obj
 .debug_frame   0x00000abc       0x30 CMakeFiles/TurtleADF4351.dir/Core/Src/dma.c.obj
 .debug_frame   0x00000aec       0x88 CMakeFiles/TurtleADF4351.dir/Core/Src/spi.c.obj
 .debug_frame   0x00000b74      0x14c CMakeFiles/TurtleADF4351.dir/Core/Src/tim.c.obj
 .debug_frame   0x00000cc0       0x6c CMakeFiles/TurtleADF4351.dir/Core/Src/usart.c.obj
 .debug_frame   0x00000d2c       0xf0 CMakeFiles/TurtleADF4351.dir/Core/Src/stm32g0xx_it.c.obj
 .debug_frame   0x00000e1c       0x30 CMakeFiles/TurtleADF4351.dir/Core/Src/stm32g0xx_hal_msp.c.obj
 .debug_frame   0x00000e4c      0x710 CMakeFiles/TurtleADF4351.dir/Drivers/STM32G0xx_HAL_Driver/Src/stm32g0xx_hal_spi.c.obj
 .debug_frame   0x0000155c      0x214 CMakeFiles/TurtleADF4351.dir/Drivers/STM32G0xx_HAL_Driver/Src/stm32g0xx_hal_rcc.c.obj
 .debug_frame   0x00001770       0xb0 CMakeFiles/TurtleADF4351.dir/Drivers/STM32G0xx_HAL_Driver/Src/stm32g0xx_hal_rcc_ex.c.obj
 .debug_frame   0x00001820      0x130 CMakeFiles/TurtleADF4351.dir/Drivers/STM32G0xx_HAL_Driver/Src/stm32g0xx_hal_gpio.c.obj
 .debug_frame   0x00001950      0x1f0 CMakeFiles/TurtleADF4351.dir/Drivers/STM32G0xx_HAL_Driver/Src/stm32g0xx_hal_dma.c.obj
 .debug_frame   0x00001b40      0x1f4 CMakeFiles/TurtleADF4351.dir/Drivers/STM32G0xx_HAL_Driver/Src/stm32g0xx_hal_pwr_ex.c.obj
 .debug_frame   0x00001d34      0x33c CMakeFiles/TurtleADF4351.dir/Drivers/STM32G0xx_HAL_Driver/Src/stm32g0xx_hal_cortex.c.obj
 .debug_frame   0x00002070      0x360 CMakeFiles/TurtleADF4351.dir/Drivers/STM32G0xx_HAL_Driver/Src/stm32g0xx_hal.c.obj
 .debug_frame   0x000023d0      0xf40 CMakeFiles/TurtleADF4351.dir/Drivers/STM32G0xx_HAL_Driver/Src/stm32g0xx_hal_tim.c.obj
 .debug_frame   0x00003310      0x620 CMakeFiles/TurtleADF4351.dir/Drivers/STM32G0xx_HAL_Driver/Src/stm32g0xx_hal_tim_ex.c.obj
 .debug_frame   0x00003930      0x8d4 CMakeFiles/TurtleADF4351.dir/Drivers/STM32G0xx_HAL_Driver/Src/stm32g0xx_hal_uart.c.obj
 .debug_frame   0x00004204      0x258 CMakeFiles/TurtleADF4351.dir/Drivers/STM32G0xx_HAL_Driver/Src/stm32g0xx_hal_uart_ex.c.obj
 .debug_frame   0x0000445c       0x4c CMakeFiles/TurtleADF4351.dir/Core/Src/system_stm32g0xx.c.obj
 .debug_frame   0x000044a8       0x30 CMakeFiles/TurtleADF4351.dir/Core/Src/sysmem.c.obj
 .debug_frame   0x000044d8       0x20 D:/Program Files/STMicroelectronics/STM32Cube/STM32CubeCLT_1.18.0/GNU-tools-for-STM32/bin/../lib/gcc/arm-none-eabi/13.3.1/thumb/v6-m/nofp\libgcc.a(_udivsi3.o)
 .debug_frame   0x000044f8       0x20 D:/Program Files/STMicroelectronics/STM32Cube/STM32CubeCLT_1.18.0/GNU-tools-for-STM32/bin/../lib/gcc/arm-none-eabi/13.3.1/thumb/v6-m/nofp\libgcc.a(_divsi3.o)
 .debug_frame   0x00004518       0x34 D:/Program Files/STMicroelectronics/STM32Cube/STM32CubeCLT_1.18.0/GNU-tools-for-STM32/bin/../lib/gcc/arm-none-eabi/13.3.1/thumb/v6-m/nofp\libgcc.a(_muldi3.o)
 .debug_frame   0x0000454c       0x2c D:/Program Files/STMicroelectronics/STM32Cube/STM32CubeCLT_1.18.0/GNU-tools-for-STM32/bin/../lib/gcc/arm-none-eabi/13.3.1/thumb/v6-m/nofp\libgcc.a(_floatundisf.o)
 .debug_frame   0x00004578       0x3c D:/Program Files/STMicroelectronics/STM32Cube/STM32CubeCLT_1.18.0/GNU-tools-for-STM32/bin/../lib/gcc/arm-none-eabi/13.3.1/thumb/v6-m/nofp\libgcc.a(_udivmoddi4.o)
 .debug_frame   0x000045b4       0x38 D:/Program Files/STMicroelectronics/STM32Cube/STM32CubeCLT_1.18.0/GNU-tools-for-STM32/bin/../lib/gcc/arm-none-eabi/13.3.1/thumb/v6-m/nofp\libgcc.a(divsf3.o)
 .debug_frame   0x000045ec       0x20 D:/Program Files/STMicroelectronics/STM32Cube/STM32CubeCLT_1.18.0/GNU-tools-for-STM32/bin/../lib/gcc/arm-none-eabi/13.3.1/thumb/v6-m/nofp\libgcc.a(fixsfsi.o)
 .debug_frame   0x0000460c       0x3c D:/Program Files/STMicroelectronics/STM32Cube/STM32CubeCLT_1.18.0/GNU-tools-for-STM32/bin/../lib/gcc/arm-none-eabi/13.3.1/thumb/v6-m/nofp\libgcc.a(adddf3.o)
 .debug_frame   0x00004648       0x3c D:/Program Files/STMicroelectronics/STM32Cube/STM32CubeCLT_1.18.0/GNU-tools-for-STM32/bin/../lib/gcc/arm-none-eabi/13.3.1/thumb/v6-m/nofp\libgcc.a(muldf3.o)
 .debug_frame   0x00004684       0x28 D:/Program Files/STMicroelectronics/STM32Cube/STM32CubeCLT_1.18.0/GNU-tools-for-STM32/bin/../lib/gcc/arm-none-eabi/13.3.1/thumb/v6-m/nofp\libgcc.a(floatunsidf.o)
 .debug_frame   0x000046ac       0x30 D:/Program Files/STMicroelectronics/STM32Cube/STM32CubeCLT_1.18.0/GNU-tools-for-STM32/bin/../lib/gcc/arm-none-eabi/13.3.1/thumb/v6-m/nofp\libgcc.a(truncdfsf2.o)
 .debug_frame   0x000046dc       0x50 D:/Program Files/STMicroelectronics/STM32Cube/STM32CubeCLT_1.18.0/GNU-tools-for-STM32/bin/../lib/gcc/arm-none-eabi/13.3.1/../../../../arm-none-eabi/lib/thumb/v6-m/nofp\libg_nano.a(libc_a-sprintf.o)
 .debug_frame   0x0000472c       0x20 D:/Program Files/STMicroelectronics/STM32Cube/STM32CubeCLT_1.18.0/GNU-tools-for-STM32/bin/../lib/gcc/arm-none-eabi/13.3.1/../../../../arm-none-eabi/lib/thumb/v6-m/nofp\libg_nano.a(libc_a-errno.o)
 .debug_frame   0x0000474c       0x28 D:/Program Files/STMicroelectronics/STM32Cube/STM32CubeCLT_1.18.0/GNU-tools-for-STM32/bin/../lib/gcc/arm-none-eabi/13.3.1/../../../../arm-none-eabi/lib/thumb/v6-m/nofp\libg_nano.a(libc_a-memcpy-stub.o)
 .debug_frame   0x00004774       0x74 D:/Program Files/STMicroelectronics/STM32Cube/STM32CubeCLT_1.18.0/GNU-tools-for-STM32/bin/../lib/gcc/arm-none-eabi/13.3.1/../../../../arm-none-eabi/lib/thumb/v6-m/nofp\libg_nano.a(libc_a-nano-svfprintf.o)
 .debug_frame   0x000047e8       0x54 D:/Program Files/STMicroelectronics/STM32Cube/STM32CubeCLT_1.18.0/GNU-tools-for-STM32/bin/../lib/gcc/arm-none-eabi/13.3.1/../../../../arm-none-eabi/lib/thumb/v6-m/nofp\libg_nano.a(libc_a-nano-vfprintf_i.o)
 .debug_frame   0x0000483c       0x28 D:/Program Files/STMicroelectronics/STM32Cube/STM32CubeCLT_1.18.0/GNU-tools-for-STM32/bin/../lib/gcc/arm-none-eabi/13.3.1/../../../../arm-none-eabi/lib/thumb/v6-m/nofp\libg_nano.a(libc_a-memmove.o)
 .debug_frame   0x00004864       0x20 D:/Program Files/STMicroelectronics/STM32Cube/STM32CubeCLT_1.18.0/GNU-tools-for-STM32/bin/../lib/gcc/arm-none-eabi/13.3.1/../../../../arm-none-eabi/lib/thumb/v6-m/nofp\libg_nano.a(libc_a-memchr-stub.o)
 .debug_frame   0x00004884       0x34 D:/Program Files/STMicroelectronics/STM32Cube/STM32CubeCLT_1.18.0/GNU-tools-for-STM32/bin/../lib/gcc/arm-none-eabi/13.3.1/../../../../arm-none-eabi/lib/thumb/v6-m/nofp\libg_nano.a(libc_a-reallocr.o)
 .debug_frame   0x000048b8       0x20 D:/Program Files/STMicroelectronics/STM32Cube/STM32CubeCLT_1.18.0/GNU-tools-for-STM32/bin/../lib/gcc/arm-none-eabi/13.3.1/../../../../arm-none-eabi/lib/thumb/v6-m/nofp\libg_nano.a(libc_a-msizer.o)

.debug_info     0x00000000    0x1add0
 .debug_info    0x00000000      0x4e4 CMakeFiles/TurtleADF4351.dir/Drivers/bsp/button/embedded_button.c.obj
 .debug_info    0x000004e4      0x21b CMakeFiles/TurtleADF4351.dir/Drivers/bsp/button/ec_button.c.obj
 .debug_info    0x000006ff      0x240 CMakeFiles/TurtleADF4351.dir/Drivers/bsp/delay/delay.c.obj
 .debug_info    0x0000093f     0x1930 CMakeFiles/TurtleADF4351.dir/Drivers/bsp/lcd/lcd.c.obj
 .debug_info    0x0000226f      0xc5c CMakeFiles/TurtleADF4351.dir/Drivers/bsp/adf4351/adf4351.c.obj
 .debug_info    0x00002ecb      0x553 CMakeFiles/TurtleADF4351.dir/App/Menu/menu.c.obj
 .debug_info    0x0000341e     0x111d CMakeFiles/TurtleADF4351.dir/Core/Src/main.c.obj
 .debug_info    0x0000453b      0x3f7 CMakeFiles/TurtleADF4351.dir/Core/Src/gpio.c.obj
 .debug_info    0x00004932      0x335 CMakeFiles/TurtleADF4351.dir/Core/Src/dma.c.obj
 .debug_info    0x00004c67      0xa8f CMakeFiles/TurtleADF4351.dir/Core/Src/spi.c.obj
 .debug_info    0x000056f6     0x1078 CMakeFiles/TurtleADF4351.dir/Core/Src/tim.c.obj
 .debug_info    0x0000676e      0xbd5 CMakeFiles/TurtleADF4351.dir/Core/Src/usart.c.obj
 .debug_info    0x00007343      0x81a CMakeFiles/TurtleADF4351.dir/Core/Src/stm32g0xx_it.c.obj
 .debug_info    0x00007b5d      0x265 CMakeFiles/TurtleADF4351.dir/Core/Src/stm32g0xx_hal_msp.c.obj
 .debug_info    0x00007dc2     0x1720 CMakeFiles/TurtleADF4351.dir/Drivers/STM32G0xx_HAL_Driver/Src/stm32g0xx_hal_spi.c.obj
 .debug_info    0x000094e2      0xad0 CMakeFiles/TurtleADF4351.dir/Drivers/STM32G0xx_HAL_Driver/Src/stm32g0xx_hal_rcc.c.obj
 .debug_info    0x00009fb2      0x72b CMakeFiles/TurtleADF4351.dir/Drivers/STM32G0xx_HAL_Driver/Src/stm32g0xx_hal_rcc_ex.c.obj
 .debug_info    0x0000a6dd      0x59d CMakeFiles/TurtleADF4351.dir/Drivers/STM32G0xx_HAL_Driver/Src/stm32g0xx_hal_gpio.c.obj
 .debug_info    0x0000ac7a      0x86b CMakeFiles/TurtleADF4351.dir/Drivers/STM32G0xx_HAL_Driver/Src/stm32g0xx_hal_dma.c.obj
 .debug_info    0x0000b4e5      0x496 CMakeFiles/TurtleADF4351.dir/Drivers/STM32G0xx_HAL_Driver/Src/stm32g0xx_hal_pwr_ex.c.obj
 .debug_info    0x0000b97b      0x8a9 CMakeFiles/TurtleADF4351.dir/Drivers/STM32G0xx_HAL_Driver/Src/stm32g0xx_hal_cortex.c.obj
 .debug_info    0x0000c224      0x8f0 CMakeFiles/TurtleADF4351.dir/Drivers/STM32G0xx_HAL_Driver/Src/stm32g0xx_hal.c.obj
 .debug_info    0x0000cb14     0x2ba7 CMakeFiles/TurtleADF4351.dir/Drivers/STM32G0xx_HAL_Driver/Src/stm32g0xx_hal_tim.c.obj
 .debug_info    0x0000f6bb     0x18b8 CMakeFiles/TurtleADF4351.dir/Drivers/STM32G0xx_HAL_Driver/Src/stm32g0xx_hal_tim_ex.c.obj
 .debug_info    0x00010f73     0x483c CMakeFiles/TurtleADF4351.dir/Drivers/STM32G0xx_HAL_Driver/Src/stm32g0xx_hal_uart.c.obj
 .debug_info    0x000157af      0xf95 CMakeFiles/TurtleADF4351.dir/Drivers/STM32G0xx_HAL_Driver/Src/stm32g0xx_hal_uart_ex.c.obj
 .debug_info    0x00016744      0x316 CMakeFiles/TurtleADF4351.dir/Core/Src/system_stm32g0xx.c.obj
 .debug_info    0x00016a5a      0x168 CMakeFiles/TurtleADF4351.dir/Core/Src/sysmem.c.obj
 .debug_info    0x00016bc2       0x30 CMakeFiles/TurtleADF4351.dir/startup_stm32g030xx.s.obj
 .debug_info    0x00016bf2      0x885 D:/Program Files/STMicroelectronics/STM32Cube/STM32CubeCLT_1.18.0/GNU-tools-for-STM32/bin/../lib/gcc/arm-none-eabi/13.3.1/../../../../arm-none-eabi/lib/thumb/v6-m/nofp\libg_nano.a(libc_a-sprintf.o)
 .debug_info    0x00017477      0x6fb D:/Program Files/STMicroelectronics/STM32Cube/STM32CubeCLT_1.18.0/GNU-tools-for-STM32/bin/../lib/gcc/arm-none-eabi/13.3.1/../../../../arm-none-eabi/lib/thumb/v6-m/nofp\libg_nano.a(libc_a-errno.o)
 .debug_info    0x00017b72      0x11b D:/Program Files/STMicroelectronics/STM32Cube/STM32CubeCLT_1.18.0/GNU-tools-for-STM32/bin/../lib/gcc/arm-none-eabi/13.3.1/../../../../arm-none-eabi/lib/thumb/v6-m/nofp\libg_nano.a(libc_a-memcpy-stub.o)
 .debug_info    0x00017c8d     0x10e0 D:/Program Files/STMicroelectronics/STM32Cube/STM32CubeCLT_1.18.0/GNU-tools-for-STM32/bin/../lib/gcc/arm-none-eabi/13.3.1/../../../../arm-none-eabi/lib/thumb/v6-m/nofp\libg_nano.a(libc_a-nano-svfprintf.o)
 .debug_info    0x00018d6d      0xe0a D:/Program Files/STMicroelectronics/STM32Cube/STM32CubeCLT_1.18.0/GNU-tools-for-STM32/bin/../lib/gcc/arm-none-eabi/13.3.1/../../../../arm-none-eabi/lib/thumb/v6-m/nofp\libg_nano.a(libc_a-nano-vfprintf_i.o)
 .debug_info    0x00019b77      0x109 D:/Program Files/STMicroelectronics/STM32Cube/STM32CubeCLT_1.18.0/GNU-tools-for-STM32/bin/../lib/gcc/arm-none-eabi/13.3.1/../../../../arm-none-eabi/lib/thumb/v6-m/nofp\libg_nano.a(libc_a-memmove.o)
 .debug_info    0x00019c80      0x110 D:/Program Files/STMicroelectronics/STM32Cube/STM32CubeCLT_1.18.0/GNU-tools-for-STM32/bin/../lib/gcc/arm-none-eabi/13.3.1/../../../../arm-none-eabi/lib/thumb/v6-m/nofp\libg_nano.a(libc_a-memchr-stub.o)
 .debug_info    0x00019d90      0x8ac D:/Program Files/STMicroelectronics/STM32Cube/STM32CubeCLT_1.18.0/GNU-tools-for-STM32/bin/../lib/gcc/arm-none-eabi/13.3.1/../../../../arm-none-eabi/lib/thumb/v6-m/nofp\libg_nano.a(libc_a-reallocr.o)
 .debug_info    0x0001a63c      0x794 D:/Program Files/STMicroelectronics/STM32Cube/STM32CubeCLT_1.18.0/GNU-tools-for-STM32/bin/../lib/gcc/arm-none-eabi/13.3.1/../../../../arm-none-eabi/lib/thumb/v6-m/nofp\libg_nano.a(libc_a-msizer.o)

.debug_abbrev   0x00000000     0x480b
 .debug_abbrev  0x00000000      0x1cf CMakeFiles/TurtleADF4351.dir/Drivers/bsp/button/embedded_button.c.obj
 .debug_abbrev  0x000001cf      0x11f CMakeFiles/TurtleADF4351.dir/Drivers/bsp/button/ec_button.c.obj
 .debug_abbrev  0x000002ee      0x13e CMakeFiles/TurtleADF4351.dir/Drivers/bsp/delay/delay.c.obj
 .debug_abbrev  0x0000042c      0x2ae CMakeFiles/TurtleADF4351.dir/Drivers/bsp/lcd/lcd.c.obj
 .debug_abbrev  0x000006da      0x276 CMakeFiles/TurtleADF4351.dir/Drivers/bsp/adf4351/adf4351.c.obj
 .debug_abbrev  0x00000950      0x1af CMakeFiles/TurtleADF4351.dir/App/Menu/menu.c.obj
 .debug_abbrev  0x00000aff      0x2be CMakeFiles/TurtleADF4351.dir/Core/Src/main.c.obj
 .debug_abbrev  0x00000dbd      0x158 CMakeFiles/TurtleADF4351.dir/Core/Src/gpio.c.obj
 .debug_abbrev  0x00000f15      0x115 CMakeFiles/TurtleADF4351.dir/Core/Src/dma.c.obj
 .debug_abbrev  0x0000102a      0x213 CMakeFiles/TurtleADF4351.dir/Core/Src/spi.c.obj
 .debug_abbrev  0x0000123d      0x2ab CMakeFiles/TurtleADF4351.dir/Core/Src/tim.c.obj
 .debug_abbrev  0x000014e8      0x20e CMakeFiles/TurtleADF4351.dir/Core/Src/usart.c.obj
 .debug_abbrev  0x000016f6      0x1bf CMakeFiles/TurtleADF4351.dir/Core/Src/stm32g0xx_it.c.obj
 .debug_abbrev  0x000018b5       0xdd CMakeFiles/TurtleADF4351.dir/Core/Src/stm32g0xx_hal_msp.c.obj
 .debug_abbrev  0x00001992      0x28f CMakeFiles/TurtleADF4351.dir/Drivers/STM32G0xx_HAL_Driver/Src/stm32g0xx_hal_spi.c.obj
 .debug_abbrev  0x00001c21      0x2a9 CMakeFiles/TurtleADF4351.dir/Drivers/STM32G0xx_HAL_Driver/Src/stm32g0xx_hal_rcc.c.obj
 .debug_abbrev  0x00001eca      0x229 CMakeFiles/TurtleADF4351.dir/Drivers/STM32G0xx_HAL_Driver/Src/stm32g0xx_hal_rcc_ex.c.obj
 .debug_abbrev  0x000020f3      0x1c3 CMakeFiles/TurtleADF4351.dir/Drivers/STM32G0xx_HAL_Driver/Src/stm32g0xx_hal_gpio.c.obj
 .debug_abbrev  0x000022b6      0x1e1 CMakeFiles/TurtleADF4351.dir/Drivers/STM32G0xx_HAL_Driver/Src/stm32g0xx_hal_dma.c.obj
 .debug_abbrev  0x00002497      0x1d7 CMakeFiles/TurtleADF4351.dir/Drivers/STM32G0xx_HAL_Driver/Src/stm32g0xx_hal_pwr_ex.c.obj
 .debug_abbrev  0x0000266e      0x2ab CMakeFiles/TurtleADF4351.dir/Drivers/STM32G0xx_HAL_Driver/Src/stm32g0xx_hal_cortex.c.obj
 .debug_abbrev  0x00002919      0x2b4 CMakeFiles/TurtleADF4351.dir/Drivers/STM32G0xx_HAL_Driver/Src/stm32g0xx_hal.c.obj
 .debug_abbrev  0x00002bcd      0x29b CMakeFiles/TurtleADF4351.dir/Drivers/STM32G0xx_HAL_Driver/Src/stm32g0xx_hal_tim.c.obj